Archive member included to satisfy reference by file (symbol)

C:/ST/STM32CubeIDE_1.16.0/STM32CubeIDE/plugins/com.st.stm32cube.ide.mcu.externaltools.gnu-tools-for-stm32.12.3.rel1.win32_1.0.200.202406191623/tools/bin/../lib/gcc/arm-none-eabi/12.3.1/../../../../arm-none-eabi/lib/thumb/v7e-m+fp/hard\libc.a(libc_a-exit.o)
                              C:/ST/STM32CubeIDE_1.16.0/STM32CubeIDE/plugins/com.st.stm32cube.ide.mcu.externaltools.gnu-tools-for-stm32.12.3.rel1.win32_1.0.200.202406191623/tools/bin/../lib/gcc/arm-none-eabi/12.3.1/../../../../arm-none-eabi/lib/thumb/v7e-m+fp/hard/crt0.o (exit)
C:/ST/STM32CubeIDE_1.16.0/STM32CubeIDE/plugins/com.st.stm32cube.ide.mcu.externaltools.gnu-tools-for-stm32.12.3.rel1.win32_1.0.200.202406191623/tools/bin/../lib/gcc/arm-none-eabi/12.3.1/../../../../arm-none-eabi/lib/thumb/v7e-m+fp/hard\libc.a(libc_a-findfp.o)
                              C:/ST/STM32CubeIDE_1.16.0/STM32CubeIDE/plugins/com.st.stm32cube.ide.mcu.externaltools.gnu-tools-for-stm32.12.3.rel1.win32_1.0.200.202406191623/tools/bin/../lib/gcc/arm-none-eabi/12.3.1/../../../../arm-none-eabi/lib/thumb/v7e-m+fp/hard\libc.a(libc_a-exit.o) (__stdio_exit_handler)
C:/ST/STM32CubeIDE_1.16.0/STM32CubeIDE/plugins/com.st.stm32cube.ide.mcu.externaltools.gnu-tools-for-stm32.12.3.rel1.win32_1.0.200.202406191623/tools/bin/../lib/gcc/arm-none-eabi/12.3.1/../../../../arm-none-eabi/lib/thumb/v7e-m+fp/hard\libc.a(libc_a-fwalk.o)
                              C:/ST/STM32CubeIDE_1.16.0/STM32CubeIDE/plugins/com.st.stm32cube.ide.mcu.externaltools.gnu-tools-for-stm32.12.3.rel1.win32_1.0.200.202406191623/tools/bin/../lib/gcc/arm-none-eabi/12.3.1/../../../../arm-none-eabi/lib/thumb/v7e-m+fp/hard\libc.a(libc_a-findfp.o) (_fwalk_sglue)
C:/ST/STM32CubeIDE_1.16.0/STM32CubeIDE/plugins/com.st.stm32cube.ide.mcu.externaltools.gnu-tools-for-stm32.12.3.rel1.win32_1.0.200.202406191623/tools/bin/../lib/gcc/arm-none-eabi/12.3.1/../../../../arm-none-eabi/lib/thumb/v7e-m+fp/hard\libc.a(libc_a-sprintf.o)
                              ./Core/Src/main.o (sprintf)
C:/ST/STM32CubeIDE_1.16.0/STM32CubeIDE/plugins/com.st.stm32cube.ide.mcu.externaltools.gnu-tools-for-stm32.12.3.rel1.win32_1.0.200.202406191623/tools/bin/../lib/gcc/arm-none-eabi/12.3.1/../../../../arm-none-eabi/lib/thumb/v7e-m+fp/hard\libc.a(libc_a-stdio.o)
                              C:/ST/STM32CubeIDE_1.16.0/STM32CubeIDE/plugins/com.st.stm32cube.ide.mcu.externaltools.gnu-tools-for-stm32.12.3.rel1.win32_1.0.200.202406191623/tools/bin/../lib/gcc/arm-none-eabi/12.3.1/../../../../arm-none-eabi/lib/thumb/v7e-m+fp/hard\libc.a(libc_a-findfp.o) (__sread)
C:/ST/STM32CubeIDE_1.16.0/STM32CubeIDE/plugins/com.st.stm32cube.ide.mcu.externaltools.gnu-tools-for-stm32.12.3.rel1.win32_1.0.200.202406191623/tools/bin/../lib/gcc/arm-none-eabi/12.3.1/../../../../arm-none-eabi/lib/thumb/v7e-m+fp/hard\libc.a(libc_a-memset.o)
                              C:/ST/STM32CubeIDE_1.16.0/STM32CubeIDE/plugins/com.st.stm32cube.ide.mcu.externaltools.gnu-tools-for-stm32.12.3.rel1.win32_1.0.200.202406191623/tools/bin/../lib/gcc/arm-none-eabi/12.3.1/../../../../arm-none-eabi/lib/thumb/v7e-m+fp/hard/crt0.o (memset)
C:/ST/STM32CubeIDE_1.16.0/STM32CubeIDE/plugins/com.st.stm32cube.ide.mcu.externaltools.gnu-tools-for-stm32.12.3.rel1.win32_1.0.200.202406191623/tools/bin/../lib/gcc/arm-none-eabi/12.3.1/../../../../arm-none-eabi/lib/thumb/v7e-m+fp/hard\libc.a(libc_a-closer.o)
                              C:/ST/STM32CubeIDE_1.16.0/STM32CubeIDE/plugins/com.st.stm32cube.ide.mcu.externaltools.gnu-tools-for-stm32.12.3.rel1.win32_1.0.200.202406191623/tools/bin/../lib/gcc/arm-none-eabi/12.3.1/../../../../arm-none-eabi/lib/thumb/v7e-m+fp/hard\libc.a(libc_a-stdio.o) (_close_r)
C:/ST/STM32CubeIDE_1.16.0/STM32CubeIDE/plugins/com.st.stm32cube.ide.mcu.externaltools.gnu-tools-for-stm32.12.3.rel1.win32_1.0.200.202406191623/tools/bin/../lib/gcc/arm-none-eabi/12.3.1/../../../../arm-none-eabi/lib/thumb/v7e-m+fp/hard\libc.a(libc_a-reent.o)
                              C:/ST/STM32CubeIDE_1.16.0/STM32CubeIDE/plugins/com.st.stm32cube.ide.mcu.externaltools.gnu-tools-for-stm32.12.3.rel1.win32_1.0.200.202406191623/tools/bin/../lib/gcc/arm-none-eabi/12.3.1/../../../../arm-none-eabi/lib/thumb/v7e-m+fp/hard\libc.a(libc_a-closer.o) (errno)
C:/ST/STM32CubeIDE_1.16.0/STM32CubeIDE/plugins/com.st.stm32cube.ide.mcu.externaltools.gnu-tools-for-stm32.12.3.rel1.win32_1.0.200.202406191623/tools/bin/../lib/gcc/arm-none-eabi/12.3.1/../../../../arm-none-eabi/lib/thumb/v7e-m+fp/hard\libc.a(libc_a-impure.o)
                              C:/ST/STM32CubeIDE_1.16.0/STM32CubeIDE/plugins/com.st.stm32cube.ide.mcu.externaltools.gnu-tools-for-stm32.12.3.rel1.win32_1.0.200.202406191623/tools/bin/../lib/gcc/arm-none-eabi/12.3.1/../../../../arm-none-eabi/lib/thumb/v7e-m+fp/hard\libc.a(libc_a-sprintf.o) (_impure_ptr)
[...]
Memory Configuration

Name             Origin             Length             Attributes
CCMRAM           0x10000000         0x00010000         xrw
RAM              0x20000000         0x00020000         xrw
FLASH            0x08000000         0x00080000         xr
*default*        0x00000000         0xffffffff

Linker script and memory map

LOAD C:/ST/STM32CubeIDE_1.16.0/STM32CubeIDE/plugins/com.st.stm32cube.ide.mcu.externaltools.gnu-tools-for-stm32.12.3.rel1.win32_1.0.200.202406191623/tools/bin/../lib/gcc/arm-none-eabi/12.3.1/thumb/v7e-m+fp/hard/crti.o
LOAD C:/ST/STM32CubeIDE_1.16.0/STM32CubeIDE/plugins/com.st.stm32cube.ide.mcu.externaltools.gnu-tools-for-stm32.12.3.rel1.win32_1.0.200.202406191623/tools/bin/../lib/gcc/arm-none-eabi/12.3.1/thumb/v7e-m+fp/hard/crtbegin.o
LOAD C:/ST/STM32CubeIDE_1.16.0/STM32CubeIDE/plugins/com.st.stm32cube.ide.mcu.externaltools.gnu-tools-for-stm32.12.3.rel1.win32_1.0.200.202406191623/tools/bin/../lib/gcc/arm-none-eabi/12.3.1/../../../../arm-none-eabi/lib/thumb/v7e-m+fp/hard/crt0.o
LOAD ./Core/Src/main.o
LOAD ./Core/Src/stm32f4xx_hal_msp.o
LOAD ./Core/Src/stm32f4xx_it.o
LOAD ./Core/Src/syscalls.o
LOAD ./Core/Src/sysmem.o
LOAD ./Core/Src/system_stm32f4xx.o
LOAD ./Core/Startup/startup_stm32f407zetx.o
LOAD ./Drivers/STM32F4xx_HAL_Driver/Src/stm32f4xx_hal.o
LOAD ./Drivers/STM32F4xx_HAL_Driver/Src/stm32f4xx_hal_cortex.o
LOAD ./Drivers/STM32F4xx_HAL_Driver/Src/stm32f4xx_hal_dma.o
LOAD ./Drivers/STM32F4xx_HAL_Driver/Src/stm32f4xx_hal_dma_ex.o
LOAD ./Drivers/STM32F4xx_HAL_Driver/Src/stm32f4xx_hal_exti.o
LOAD ./Drivers/STM32F4xx_HAL_Driver/Src/stm32f4xx_hal_flash.o
LOAD ./Drivers/STM32F4xx_HAL_Driver/Src/stm32f4xx_hal_flash_ex.o
LOAD ./Drivers/STM32F4xx_HAL_Driver/Src/stm32f4xx_hal_flash_ramfunc.o
LOAD ./Drivers/STM32F4xx_HAL_Driver/Src/stm32f4xx_hal_gpio.o
LOAD ./Drivers/STM32F4xx_HAL_Driver/Src/stm32f4xx_hal_pcd.o
LOAD ./Drivers/STM32F4xx_HAL_Driver/Src/stm32f4xx_hal_pcd_ex.o
LOAD ./Drivers/STM32F4xx_HAL_Driver/Src/stm32f4xx_hal_pwr.o
LOAD ./Drivers/STM32F4xx_HAL_Driver/Src/stm32f4xx_hal_pwr_ex.o
LOAD ./Drivers/STM32F4xx_HAL_Driver/Src/stm32f4xx_hal_rcc.o
LOAD ./Drivers/STM32F4xx_HAL_Driver/Src/stm32f4xx_hal_rcc_ex.o
LOAD ./Drivers/STM32F4xx_HAL_Driver/Src/stm32f4xx_hal_spi.o
LOAD ./Drivers/STM32F4xx_HAL_Driver/Src/stm32f4xx_hal_tim.o
LOAD ./Drivers/STM32F4xx_HAL_Driver/Src/stm32f4xx_hal_tim_ex.o
LOAD ./Drivers/STM32F4xx_HAL_Driver/Src/stm32f4xx_hal_uart.o
LOAD ./Drivers/STM32F4xx_HAL_Driver/Src/stm32f4xx_ll_usb.o
LOAD ./Middlewares/ST/STM32_USB_Device_Library/Class/CDC/Src/usbd_cdc.o
LOAD ./Middlewares/ST/STM32_USB_Device_Library/Core/Src/usbd_core.o
LOAD ./Middlewares/ST/STM32_USB_Device_Library/Core/Src/usbd_ctlreq.o
LOAD ./Middlewares/ST/STM32_USB_Device_Library/Core/Src/usbd_ioreq.o
LOAD ./USB_DEVICE/App/usb_device.o
LOAD ./USB_DEVICE/App/usbd_cdc_if.o
LOAD ./USB_DEVICE/App/usbd_desc.o
LOAD ./USB_DEVICE/Target/usbd_conf.o
START GROUP
LOAD C:/ST/STM32CubeIDE_1.16.0/STM32CubeIDE/plugins/com.st.stm32cube.ide.mcu.externaltools.gnu-tools-for-stm32.12.3.rel1.win32_1.0.200.202406191623/tools/bin/../lib/gcc/arm-none-eabi/12.3.1/../../../../arm-none-eabi/lib/thumb/v7e-m+fp/hard\libc.a
LOAD C:/ST/STM32CubeIDE_1.16.0/STM32CubeIDE/plugins/com.st.stm32cube.ide.mcu.externaltools.gnu-tools-for-stm32.12.3.rel1.win32_1.0.200.202406191623/tools/bin/../lib/gcc/arm-none-eabi/12.3.1/../../../../arm-none-eabi/lib/thumb/v7e-m+fp/hard\libm.a
END GROUP
START GROUP
LOAD C:/ST/STM32CubeIDE_1.16.0/STM32CubeIDE/plugins/com.st.stm32cube.ide.mcu.externaltools.gnu-tools-for-stm32.12.3.rel1.win32_1.0.200.202406191623/tools/bin/../lib/gcc/arm-none-eabi/12.3.1/thumb/v7e-m+fp/hard\libgcc.a
LOAD C:/ST/STM32CubeIDE_1.16.0/STM32CubeIDE/plugins/com.st.stm32cube.ide.mcu.externaltools.gnu-tools-for-stm32.12.3.rel1.win32_1.0.200.202406191623/tools/bin/../lib/gcc/arm-none-eabi/12.3.1/../../../../arm-none-eabi/lib/thumb/v7e-m+fp/hard\libc.a
END GROUP
START GROUP
LOAD C:/ST/STM32CubeIDE_1.16.0/STM32CubeIDE/plugins/com.st.stm32cube.ide.mcu.externaltools.gnu-tools-for-stm32.12.3.rel1.win32_1.0.200.202406191623/tools/bin/../lib/gcc/arm-none-eabi/12.3.1/thumb/v7e-m+fp/hard\libgcc.a
LOAD C:/ST/STM32CubeIDE_1.16.0/STM32CubeIDE/plugins/com.st.stm32cube.ide.mcu.externaltools.gnu-tools-for-stm32.12.3.rel1.win32_1.0.200.202406191623/tools/bin/../lib/gcc/arm-none-eabi/12.3.1/../../../../arm-none-eabi/lib/thumb/v7e-m+fp/hard\libc.a
LOAD C:/ST/STM32CubeIDE_1.16.0/STM32CubeIDE/plugins/com.st.stm32cube.ide.mcu.externaltools.gnu-tools-for-stm32.12.3.rel1.win32_1.0.200.202406191623/tools/bin/../lib/gcc/arm-none-eabi/12.3.1/../../../../arm-none-eabi/lib/thumb/v7e-m+fp/hard\libnosys.a
END GROUP
LOAD C:/ST/STM32CubeIDE_1.16.0/STM32CubeIDE/plugins/com.st.stm32cube.ide.mcu.externaltools.gnu-tools-for-stm32.12.3.rel1.win32_1.0.200.202406191623/tools/bin/../lib/gcc/arm-none-eabi/12.3.1/thumb/v7e-m+fp/hard/crtend.o
LOAD C:/ST/STM32CubeIDE_1.16.0/STM32CubeIDE/plugins/com.st.stm32cube.ide.mcu.externaltools.gnu-tools-for-stm32.12.3.rel1.win32_1.0.200.202406191623/tools/bin/../lib/gcc/arm-none-eabi/12.3.1/thumb/v7e-m+fp/hard/crtn.o
                0x20020000                        _estack = (ORIGIN (RAM) + LENGTH (RAM))
                0x00000400                        _Min_Heap_Size = 0x400
                0x00000800                        _Min_Stack_Size = 0x800

.isr_vector     0x08000000      0x188
                0x08000000                        . = ALIGN (0x4)
 *(.isr_vector)
 .isr_vector    0x08000000      0x188 ./Core/Startup/startup_stm32f407zetx.o
                0x08000000                g_pfnVectors
                0x08000188                        . = ALIGN (0x4)

.text           0x08000190     0xf85c
                0x08000190                        . = ALIGN (0x4)
 *(.text)
 .text          0x08000190       0x40 C:/ST/STM32CubeIDE_1.16.0/STM32CubeIDE/plugins/com.st.stm32cube.ide.mcu.externaltools.gnu-tools-for-stm32.12.3.rel1.win32_1.0.200.202406191623/tools/bin/../lib/gcc/arm-none-eabi/12.3.1/thumb/v7e-m+fp/hard/crtbegin.o
 .text          0x080001d0       0x10 C:/ST/STM32CubeIDE_1.16.0/STM32CubeIDE/plugins/com.st.stm32cube.ide.mcu.externaltools.gnu-tools-for-stm32.12.3.rel1.win32_1.0.200.202406191623/tools/bin/../lib/gcc/arm-none-eabi/12.3.1/../../../../arm-none-eabi/lib/thumb/v7e-m+fp/hard\libc.a(libc_a-strlen.o)
                0x080001d0                strlen
 .text          0x080001e0       0xa0 C:/ST/STM32CubeIDE_1.16.0/STM32CubeIDE/plugins/com.st.stm32cube.ide.mcu.externaltools.gnu-tools-for-stm32.12.3.rel1.win32_1.0.200.202406191623/tools/bin/../lib/gcc/arm-none-eabi/12.3.1/../../../../arm-none-eabi/lib/thumb/v7e-m+fp/hard\libc.a(libc_a-memchr.o)
                0x080001e0                memchr
 .text          0x08000280      0x378 C:/ST/STM32CubeIDE_1.16.0/STM32CubeIDE/plugins/com.st.stm32cube.ide.mcu.externaltools.gnu-tools-for-stm32.12.3.rel1.win32_1.0.200.202406191623/tools/bin/../lib/gcc/arm-none-eabi/12.3.1/thumb/v7e-m+fp/hard\libgcc.a(_arm_addsubdf3.o)
                0x08000280                __aeabi_drsub
                0x08000288                __aeabi_dsub
                0x08000288                __subdf3
                0x0800028c                __aeabi_dadd
                0x0800028c                __adddf3
                0x08000504                __floatunsidf
                0x08000504                __aeabi_ui2d
                0x08000524                __floatsidf
                0x08000524                __aeabi_i2d
                0x08000548                __aeabi_f2d
                0x08000548                __extendsfdf2
                0x0800058c                __floatundidf
                0x0800058c                __aeabi_ul2d
                0x0800059c                __floatdidf
                0x0800059c                __aeabi_l2d
 .text          0x080005f8      0x424 C:/ST/STM32CubeIDE_1.16.0/STM32CubeIDE/plugins/com.st.stm32cube.ide.mcu.externaltools.gnu-tools-for-stm32.12.3.rel1.win32_1.0.200.202406191623/tools/bin/../lib/gcc/arm-none-eabi/12.3.1/thumb/v7e-m+fp/hard\libgcc.a(_arm_muldivdf3.o)
                0x080005f8                __aeabi_dmul
                0x080005f8                __muldf3
                0x0800084c                __divdf3
                0x0800084c                __aeabi_ddiv
 .text          0x08000a1c      0x110 C:/ST/STM32CubeIDE_1.16.0/STM32CubeIDE/plugins/com.st.stm32cube.ide.mcu.externaltools.gnu-tools-for-stm32.12.3.rel1.win32_1.0.200.202406191623/tools/bin/../lib/gcc/arm-none-eabi/12.3.1/thumb/v7e-m+fp/hard\libgcc.a(_arm_cmpdf2.o)
                0x08000a1c                __gtdf2
                0x08000a1c                __gedf2
                0x08000a24                __ltdf2
                0x08000a24                __ledf2
                0x08000a2c                __nedf2
                0x08000a2c                __eqdf2
                0x08000a2c                __cmpdf2
                0x08000aa8                __aeabi_cdrcmple
                0x08000ab8                __aeabi_cdcmpeq
                0x08000ab8                __aeabi_cdcmple
                0x08000ac8                __aeabi_dcmpeq
                0x08000adc                __aeabi_dcmplt
                0x08000af0                __aeabi_dcmple
                0x08000b04                __aeabi_dcmpge
                0x08000b18                __aeabi_dcmpgt
 .text          0x08000b2c       0x2c C:/ST/STM32CubeIDE_1.16.0/STM32CubeIDE/plugins/com.st.stm32cube.ide.mcu.externaltools.gnu-tools-for-stm32.12.3.rel1.win32_1.0.200.202406191623/tools/bin/../lib/gcc/arm-none-eabi/12.3.1/thumb/v7e-m+fp/hard\libgcc.a(_arm_unorddf2.o)
                0x08000b2c                __unorddf2
                0x08000b2c                __aeabi_dcmpun
 .text          0x08000b58       0x50 C:/ST/STM32CubeIDE_1.16.0/STM32CubeIDE/plugins/com.st.stm32cube.ide.mcu.externaltools.gnu-tools-for-stm32.12.3.rel1.win32_1.0.200.202406191623/tools/bin/../lib/gcc/arm-none-eabi/12.3.1/thumb/v7e-m+fp/hard\libgcc.a(_arm_fixdfsi.o)
                0x08000b58                __aeabi_d2iz
                0x08000b58                __fixdfsi
 .text          0x08000ba8       0xa0 C:/ST/STM32CubeIDE_1.16.0/STM32CubeIDE/plugins/com.st.stm32cube.ide.mcu.externaltools.gnu-tools-for-stm32.12.3.rel1.win32_1.0.200.202406191623/tools/bin/../lib/gcc/arm-none-eabi/12.3.1/thumb/v7e-m+fp/hard\libgcc.a(_arm_truncdfsf2.o)
                0x08000ba8                __truncdfsf2
                0x08000ba8                __aeabi_d2f
 .text          0x08000c48       0x30 C:/ST/STM32CubeIDE_1.16.0/STM32CubeIDE/plugins/com.st.stm32cube.ide.mcu.externaltools.gnu-tools-for-stm32.12.3.rel1.win32_1.0.200.202406191623/tools/bin/../lib/gcc/arm-none-eabi/12.3.1/thumb/v7e-m+fp/hard\libgcc.a(_aeabi_uldivmod.o)
                0x08000c48                __aeabi_uldivmod
 .text          0x08000c78      0x2bc C:/ST/STM32CubeIDE_1.16.0/STM32CubeIDE/plugins/com.st.stm32cube.ide.mcu.externaltools.gnu-tools-for-stm32.12.3.rel1.win32_1.0.200.202406191623/tools/bin/../lib/gcc/arm-none-eabi/12.3.1/thumb/v7e-m+fp/hard\libgcc.a(_udivmoddi4.o)
                0x08000c78                __udivmoddi4
 .text          0x08000f34        0x4 C:/ST/STM32CubeIDE_1.16.0/STM32CubeIDE/plugins/com.st.stm32cube.ide.mcu.externaltools.gnu-tools-for-stm32.12.3.rel1.win32_1.0.200.202406191623/tools/bin/../lib/gcc/arm-none-eabi/12.3.1/thumb/v7e-m+fp/hard\libgcc.a(_dvmd_tls.o)
                0x08000f34                __aeabi_idiv0
                0x08000f34                __aeabi_ldiv0
 *(.text*)
 .text.MCU_init
                0x08000f38       0x4c ./Core/Src/main.o
                0x08000f38                MCU_init
 .text.ADC_Read
                0x08000f84       0xe8 ./Core/Src/main.o
                0x08000f84                ADC_Read
 .text.main     0x0800106c      0x13c ./Core/Src/main.o
                0x0800106c                main
 .text.SystemClock_Config
                0x080011a8       0xd4 ./Core/Src/main.o
                0x080011a8                SystemClock_Config
 .text.MX_SPI1_Init
                0x0800127c       0x6c ./Core/Src/main.o
 .text.MX_SPI3_Init
                0x080012e8       0x70 ./Core/Src/main.o
 .text.MX_TIM1_Init
                0x08001358      0x138 ./Core/Src/main.o
 .text.MX_UART4_Init
                0x08001490       0x54 ./Core/Src/main.o
 .text.MX_DMA_Init
                0x080014e4       0x40 ./Core/Src/main.o
 .text.MX_GPIO_Init
                0x08001524      0x178 ./Core/Src/main.o
 .text.Error_Handler
                0x0800169c        0xc ./Core/Src/main.o
                0x0800169c                Error_Handler
 .text.HAL_MspInit
                0x080016a8       0x50 ./Core/Src/stm32f4xx_hal_msp.o
                0x080016a8                HAL_MspInit
 .text.HAL_SPI_MspInit
                0x080016f8      0x1a4 ./Core/Src/stm32f4xx_hal_msp.o
                0x080016f8                HAL_SPI_MspInit
 .text.HAL_TIM_Base_MspInit
                0x0800189c       0x80 ./Core/Src/stm32f4xx_hal_msp.o
                0x0800189c                HAL_TIM_Base_MspInit
 .text.HAL_UART_MspInit
                0x0800191c       0xa0 ./Core/Src/stm32f4xx_hal_msp.o
                0x0800191c                HAL_UART_MspInit
 .text.NMI_Handler
                0x080019bc        0x8 ./Core/Src/stm32f4xx_it.o
                0x080019bc                NMI_Handler
 .text.HardFault_Handler
                0x080019c4        0x8 ./Core/Src/stm32f4xx_it.o
                0x080019c4                HardFault_Handler
 .text.MemManage_Handler
                0x080019cc        0x8 ./Core/Src/stm32f4xx_it.o
                0x080019cc                MemManage_Handler
 .text.BusFault_Handler
                0x080019d4        0x8 ./Core/Src/stm32f4xx_it.o
                0x080019d4                BusFault_Handler
 .text.UsageFault_Handler
                0x080019dc        0x8 ./Core/Src/stm32f4xx_it.o
                0x080019dc                UsageFault_Handler
 .text.SVC_Handler
                0x080019e4        0xe ./Core/Src/stm32f4xx_it.o
                0x080019e4                SVC_Handler
 .text.DebugMon_Handler
                0x080019f2        0xe ./Core/Src/stm32f4xx_it.o
                0x080019f2                DebugMon_Handler
 .text.PendSV_Handler
                0x08001a00        0xe ./Core/Src/stm32f4xx_it.o
                0x08001a00                PendSV_Handler
 .text.SysTick_Handler
                0x08001a0e        0xc ./Core/Src/stm32f4xx_it.o
                0x08001a0e                SysTick_Handler
 *fill*         0x08001a1a        0x2 
 .text.TIM1_BRK_TIM9_IRQHandler
                0x08001a1c       0x1c ./Core/Src/stm32f4xx_it.o
                0x08001a1c                TIM1_BRK_TIM9_IRQHandler
 .text.TIM1_UP_TIM10_IRQHandler
                0x08001a38       0x1c ./Core/Src/stm32f4xx_it.o
                0x08001a38                TIM1_UP_TIM10_IRQHandler
 .text.TIM1_TRG_COM_TIM11_IRQHandler
                0x08001a54       0x1c ./Core/Src/stm32f4xx_it.o
                0x08001a54                TIM1_TRG_COM_TIM11_IRQHandler
 .text.TIM1_CC_IRQHandler
                0x08001a70       0x1c ./Core/Src/stm32f4xx_it.o
                0x08001a70                TIM1_CC_IRQHandler
 .text.UART4_IRQHandler
                0x08001a8c       0x14 ./Core/Src/stm32f4xx_it.o
                0x08001a8c                UART4_IRQHandler
 .text.DMA2_Stream3_IRQHandler
                0x08001aa0       0x14 ./Core/Src/stm32f4xx_it.o
                0x08001aa0                DMA2_Stream3_IRQHandler
 .text.OTG_HS_IRQHandler
                0x08001ab4       0x14 ./Core/Src/stm32f4xx_it.o
                0x08001ab4                OTG_HS_IRQHandler
 .text._getpid  0x08001ac8       0x10 ./Core/Src/syscalls.o
                0x08001ac8                _getpid
 .text._kill    0x08001ad8       0x20 ./Core/Src/syscalls.o
                0x08001ad8                _kill
 .text._exit    0x08001af8       0x16 ./Core/Src/syscalls.o
                0x08001af8                _exit
 .text._read    0x08001b0e       0x3a ./Core/Src/syscalls.o
                0x08001b0e                _read
 .text._write   0x08001b48       0x38 ./Core/Src/syscalls.o
                0x08001b48                _write
 .text._close   0x08001b80       0x18 ./Core/Src/syscalls.o
                0x08001b80                _close
 .text._fstat   0x08001b98       0x20 ./Core/Src/syscalls.o
                0x08001b98                _fstat
 .text._isatty  0x08001bb8       0x16 ./Core/Src/syscalls.o
                0x08001bb8                _isatty
 .text._lseek   0x08001bce       0x1a ./Core/Src/syscalls.o
                0x08001bce                _lseek
 .text._sbrk    0x08001be8       0x6c ./Core/Src/sysmem.o
                0x08001be8                _sbrk
 .text.SystemInit
                0x08001c54       0x24 ./Core/Src/system_stm32f4xx.o
                0x08001c54                SystemInit
 .text.Reset_Handler
                0x08001c78       0x50 ./Core/Startup/startup_stm32f407zetx.o
                0x08001c78                Reset_Handler
 .text.Default_Handler
                0x08001cc8        0x2 ./Core/Startup/startup_stm32f407zetx.o
                0x08001cc8                RTC_Alarm_IRQHandler
                0x08001cc8                HASH_RNG_IRQHandler
                0x08001cc8                EXTI2_IRQHandler
                0x08001cc8                TIM8_CC_IRQHandler
                0x08001cc8                DMA2_Stream5_IRQHandler
                0x08001cc8                DMA1_Stream5_IRQHandler
                0x08001cc8                PVD_IRQHandler
                0x08001cc8                SDIO_IRQHandler
                0x08001cc8                TAMP_STAMP_IRQHandler
                0x08001cc8                CAN2_RX1_IRQHandler
                0x08001cc8                EXTI3_IRQHandler
                0x08001cc8                TIM8_TRG_COM_TIM14_IRQHandler
                0x08001cc8                TIM8_UP_TIM13_IRQHandler
                0x08001cc8                I2C3_ER_IRQHandler
                0x08001cc8                EXTI0_IRQHandler
                0x08001cc8                I2C2_EV_IRQHandler
                0x08001cc8                DMA1_Stream2_IRQHandler
                0x08001cc8                CAN1_RX0_IRQHandler
                0x08001cc8                FPU_IRQHandler
                0x08001cc8                OTG_HS_WKUP_IRQHandler
                0x08001cc8                CAN2_SCE_IRQHandler
                0x08001cc8                DMA2_Stream2_IRQHandler
                0x08001cc8                SPI1_IRQHandler
                0x08001cc8                TIM6_DAC_IRQHandler
                0x08001cc8                DCMI_IRQHandler
                0x08001cc8                CAN2_RX0_IRQHandler
                0x08001cc8                USART6_IRQHandler
                0x08001cc8                USART3_IRQHandler
                0x08001cc8                CAN1_RX1_IRQHandler
                0x08001cc8                UART5_IRQHandler
                0x08001cc8                DMA2_Stream0_IRQHandler
                0x08001cc8                TIM4_IRQHandler
                0x08001cc8                I2C1_EV_IRQHandler
                0x08001cc8                DMA1_Stream6_IRQHandler
                0x08001cc8                DMA1_Stream1_IRQHandler
                0x08001cc8                TIM3_IRQHandler
                0x08001cc8                RCC_IRQHandler
                0x08001cc8                TIM8_BRK_TIM12_IRQHandler
                0x08001cc8                Default_Handler
                0x08001cc8                EXTI15_10_IRQHandler
                0x08001cc8                ADC_IRQHandler
                0x08001cc8                DMA1_Stream7_IRQHandler
                0x08001cc8                TIM7_IRQHandler
                0x08001cc8                CAN2_TX_IRQHandler
                0x08001cc8                TIM5_IRQHandler
                0x08001cc8                DMA2_Stream7_IRQHandler
                0x08001cc8                I2C3_EV_IRQHandler
                0x08001cc8                EXTI9_5_IRQHandler
                0x08001cc8                RTC_WKUP_IRQHandler
                0x08001cc8                ETH_WKUP_IRQHandler
                0x08001cc8                SPI2_IRQHandler
                0x08001cc8                OTG_HS_EP1_IN_IRQHandler
                0x08001cc8                DMA1_Stream0_IRQHandler
                0x08001cc8                CAN1_TX_IRQHandler
                0x08001cc8                EXTI4_IRQHandler
                0x08001cc8                FSMC_IRQHandler
                0x08001cc8                ETH_IRQHandler
                0x08001cc8                OTG_HS_EP1_OUT_IRQHandler
                0x08001cc8                WWDG_IRQHandler
                0x08001cc8                TIM2_IRQHandler
                0x08001cc8                OTG_FS_WKUP_IRQHandler
                0x08001cc8                EXTI1_IRQHandler
                0x08001cc8                USART2_IRQHandler
                0x08001cc8                I2C2_ER_IRQHandler
                0x08001cc8                DMA2_Stream1_IRQHandler
                0x08001cc8                CAN1_SCE_IRQHandler
                0x08001cc8                FLASH_IRQHandler
                0x08001cc8                DMA2_Stream4_IRQHandler
                0x08001cc8                USART1_IRQHandler
                0x08001cc8                OTG_FS_IRQHandler
                0x08001cc8                SPI3_IRQHandler
                0x08001cc8                DMA1_Stream4_IRQHandler
                0x08001cc8                I2C1_ER_IRQHandler
                0x08001cc8                DMA2_Stream6_IRQHandler
                0x08001cc8                DMA1_Stream3_IRQHandler
 *fill*         0x08001cca        0x2 
 .text.HAL_Init
                0x08001ccc       0x44 ./Drivers/STM32F4xx_HAL_Driver/Src/stm32f4xx_hal.o
                0x08001ccc                HAL_Init
 .text.HAL_InitTick
                0x08001d10       0x60 ./Drivers/STM32F4xx_HAL_Driver/Src/stm32f4xx_hal.o
                0x08001d10                HAL_InitTick
 .text.HAL_IncTick
                0x08001d70       0x28 ./Drivers/STM32F4xx_HAL_Driver/Src/stm32f4xx_hal.o
                0x08001d70                HAL_IncTick
 .text.HAL_GetTick
                0x08001d98       0x18 ./Drivers/STM32F4xx_HAL_Driver/Src/stm32f4xx_hal.o
                0x08001d98                HAL_GetTick
 .text.HAL_Delay
                0x08001db0       0x48 ./Drivers/STM32F4xx_HAL_Driver/Src/stm32f4xx_hal.o
                0x08001db0                HAL_Delay
 .text.__NVIC_SetPriorityGrouping
                0x08001df8       0x48 ./Drivers/STM32F4xx_HAL_Driver/Src/stm32f4xx_hal_cortex.o
 .text.__NVIC_GetPriorityGrouping
                0x08001e40       0x1c ./Drivers/STM32F4xx_HAL_Driver/Src/stm32f4xx_hal_cortex.o
 .text.__NVIC_EnableIRQ
                0x08001e5c       0x3c ./Drivers/STM32F4xx_HAL_Driver/Src/stm32f4xx_hal_cortex.o
 .text.__NVIC_SetPriority
                0x08001e98       0x54 ./Drivers/STM32F4xx_HAL_Driver/Src/stm32f4xx_hal_cortex.o
 .text.NVIC_EncodePriority
                0x08001eec       0x66 ./Drivers/STM32F4xx_HAL_Driver/Src/stm32f4xx_hal_cortex.o
 *fill*         0x08001f52        0x2 
 .text.SysTick_Config
                0x08001f54       0x44 ./Drivers/STM32F4xx_HAL_Driver/Src/stm32f4xx_hal_cortex.o
 .text.HAL_NVIC_SetPriorityGrouping
                0x08001f98       0x16 ./Drivers/STM32F4xx_HAL_Driver/Src/stm32f4xx_hal_cortex.o
                0x08001f98                HAL_NVIC_SetPriorityGrouping
 .text.HAL_NVIC_SetPriority
                0x08001fae       0x38 ./Drivers/STM32F4xx_HAL_Driver/Src/stm32f4xx_hal_cortex.o
                0x08001fae                HAL_NVIC_SetPriority
 .text.HAL_NVIC_EnableIRQ
                0x08001fe6       0x1c ./Drivers/STM32F4xx_HAL_Driver/Src/stm32f4xx_hal_cortex.o
                0x08001fe6                HAL_NVIC_EnableIRQ
 .text.HAL_SYSTICK_Config
                0x08002002       0x18 ./Drivers/STM32F4xx_HAL_Driver/Src/stm32f4xx_hal_cortex.o
                0x08002002                HAL_SYSTICK_Config
 *fill*         0x0800201a        0x2 
 .text.HAL_DMA_Init
                0x0800201c      0x15c ./Drivers/STM32F4xx_HAL_Driver/Src/stm32f4xx_hal_dma.o
                0x0800201c                HAL_DMA_Init
 .text.HAL_DMA_Abort
                0x08002178       0xe0 ./Drivers/STM32F4xx_HAL_Driver/Src/stm32f4xx_hal_dma.o
                0x08002178                HAL_DMA_Abort
 .text.HAL_DMA_Abort_IT
                0x08002258       0x44 ./Drivers/STM32F4xx_HAL_Driver/Src/stm32f4xx_hal_dma.o
                0x08002258                HAL_DMA_Abort_IT
 .text.HAL_DMA_IRQHandler
                0x0800229c      0x314 ./Drivers/STM32F4xx_HAL_Driver/Src/stm32f4xx_hal_dma.o
                0x0800229c                HAL_DMA_IRQHandler
 .text.DMA_CalcBaseAndBitshift
                0x080025b0       0x6c ./Drivers/STM32F4xx_HAL_Driver/Src/stm32f4xx_hal_dma.o
 .text.DMA_CheckFifoParam
                0x0800261c       0xf8 ./Drivers/STM32F4xx_HAL_Driver/Src/stm32f4xx_hal_dma.o
 .text.HAL_GPIO_Init
                0x08002714      0x338 ./Drivers/STM32F4xx_HAL_Driver/Src/stm32f4xx_hal_gpio.o
                0x08002714                HAL_GPIO_Init
 .text.HAL_GPIO_WritePin
                0x08002a4c       0x32 ./Drivers/STM32F4xx_HAL_Driver/Src/stm32f4xx_hal_gpio.o
                0x08002a4c                HAL_GPIO_WritePin
 .text.HAL_PCD_Init
                0x08002a7e      0x21e ./Drivers/STM32F4xx_HAL_Driver/Src/stm32f4xx_hal_pcd.o
                0x08002a7e                HAL_PCD_Init
 .text.HAL_PCD_Start
                0x08002c9c       0x6a ./Drivers/STM32F4xx_HAL_Driver/Src/stm32f4xx_hal_pcd.o
                0x08002c9c                HAL_PCD_Start
 .text.HAL_PCD_IRQHandler
                0x08002d06      0x942 ./Drivers/STM32F4xx_HAL_Driver/Src/stm32f4xx_hal_pcd.o
                0x08002d06                HAL_PCD_IRQHandler
 .text.HAL_PCD_SetAddress
                0x08003648       0x48 ./Drivers/STM32F4xx_HAL_Driver/Src/stm32f4xx_hal_pcd.o
                0x08003648                HAL_PCD_SetAddress
 .text.HAL_PCD_EP_Open
                0x08003690       0xd4 ./Drivers/STM32F4xx_HAL_Driver/Src/stm32f4xx_hal_pcd.o
                0x08003690                HAL_PCD_EP_Open
 .text.HAL_PCD_EP_Close
                0x08003764       0x94 ./Drivers/STM32F4xx_HAL_Driver/Src/stm32f4xx_hal_pcd.o
                0x08003764                HAL_PCD_EP_Close
 .text.HAL_PCD_EP_Receive
                0x080037f8       0x76 ./Drivers/STM32F4xx_HAL_Driver/Src/stm32f4xx_hal_pcd.o
                0x080037f8                HAL_PCD_EP_Receive
 .text.HAL_PCD_EP_GetRxCount
                0x0800386e       0x30 ./Drivers/STM32F4xx_HAL_Driver/Src/stm32f4xx_hal_pcd.o
                0x0800386e                HAL_PCD_EP_GetRxCount
 .text.HAL_PCD_EP_Transmit
                0x0800389e       0x74 ./Drivers/STM32F4xx_HAL_Driver/Src/stm32f4xx_hal_pcd.o
                0x0800389e                HAL_PCD_EP_Transmit
 .text.HAL_PCD_EP_SetStall
                0x08003912       0xc6 ./Drivers/STM32F4xx_HAL_Driver/Src/stm32f4xx_hal_pcd.o
                0x08003912                HAL_PCD_EP_SetStall
 .text.HAL_PCD_EP_ClrStall
                0x080039d8       0xac ./Drivers/STM32F4xx_HAL_Driver/Src/stm32f4xx_hal_pcd.o
                0x080039d8                HAL_PCD_EP_ClrStall
 .text.HAL_PCD_EP_Abort
                0x08003a84       0x62 ./Drivers/STM32F4xx_HAL_Driver/Src/stm32f4xx_hal_pcd.o
                0x08003a84                HAL_PCD_EP_Abort
 .text.PCD_WriteEmptyTxFifo
                0x08003ae6      0x118 ./Drivers/STM32F4xx_HAL_Driver/Src/stm32f4xx_hal_pcd.o
 *fill*         0x08003bfe        0x2 
 .text.PCD_EP_OutXfrComplete_int
                0x08003c00      0x1d0 ./Drivers/STM32F4xx_HAL_Driver/Src/stm32f4xx_hal_pcd.o
 .text.PCD_EP_OutSetupPacket_int
                0x08003dd0       0x8c ./Drivers/STM32F4xx_HAL_Driver/Src/stm32f4xx_hal_pcd.o
 .text.HAL_PCDEx_SetTxFiFo
                0x08003e5c       0x8e ./Drivers/STM32F4xx_HAL_Driver/Src/stm32f4xx_hal_pcd_ex.o
                0x08003e5c                HAL_PCDEx_SetTxFiFo
 .text.HAL_PCDEx_SetRxFiFo
                0x08003eea       0x22 ./Drivers/STM32F4xx_HAL_Driver/Src/stm32f4xx_hal_pcd_ex.o
                0x08003eea                HAL_PCDEx_SetRxFiFo
 .text.HAL_PCDEx_LPM_Callback
                0x08003f0c       0x18 ./Drivers/STM32F4xx_HAL_Driver/Src/stm32f4xx_hal_pcd_ex.o
                0x08003f0c                HAL_PCDEx_LPM_Callback
 .text.HAL_RCC_OscConfig
                0x08003f24      0x4f0 ./Drivers/STM32F4xx_HAL_Driver/Src/stm32f4xx_hal_rcc.o
                0x08003f24                HAL_RCC_OscConfig
 .text.HAL_RCC_ClockConfig
                0x08004414      0x1cc ./Drivers/STM32F4xx_HAL_Driver/Src/stm32f4xx_hal_rcc.o
                0x08004414                HAL_RCC_ClockConfig
 .text.HAL_RCC_GetSysClockFreq
                0x080045e0      0x20c ./Drivers/STM32F4xx_HAL_Driver/Src/stm32f4xx_hal_rcc.o
                0x080045e0                HAL_RCC_GetSysClockFreq
 .text.HAL_RCC_GetHCLKFreq
                0x080047ec       0x18 ./Drivers/STM32F4xx_HAL_Driver/Src/stm32f4xx_hal_rcc.o
                0x080047ec                HAL_RCC_GetHCLKFreq
 .text.HAL_RCC_GetPCLK1Freq
                0x08004804       0x28 ./Drivers/STM32F4xx_HAL_Driver/Src/stm32f4xx_hal_rcc.o
                0x08004804                HAL_RCC_GetPCLK1Freq
 .text.HAL_RCC_GetPCLK2Freq
                0x0800482c       0x28 ./Drivers/STM32F4xx_HAL_Driver/Src/stm32f4xx_hal_rcc.o
                0x0800482c                HAL_RCC_GetPCLK2Freq
 .text.HAL_SPI_Init
                0x08004854      0x112 ./Drivers/STM32F4xx_HAL_Driver/Src/stm32f4xx_hal_spi.o
                0x08004854                HAL_SPI_Init
 .text.HAL_SPI_Receive
                0x08004966      0x232 ./Drivers/STM32F4xx_HAL_Driver/Src/stm32f4xx_hal_spi.o
                0x08004966                HAL_SPI_Receive
 .text.HAL_SPI_TransmitReceive
                0x08004b98      0x352 ./Drivers/STM32F4xx_HAL_Driver/Src/stm32f4xx_hal_spi.o
                0x08004b98                HAL_SPI_TransmitReceive
 *fill*         0x08004eea        0x2 
 .text.SPI_WaitFlagStateUntilTimeout
                0x08004eec      0x110 ./Drivers/STM32F4xx_HAL_Driver/Src/stm32f4xx_hal_spi.o
 .text.SPI_EndRxTransaction
                0x08004ffc       0xca ./Drivers/STM32F4xx_HAL_Driver/Src/stm32f4xx_hal_spi.o
 *fill*         0x080050c6        0x2 
 .text.SPI_EndRxTxTransaction
                0x080050c8       0xa8 ./Drivers/STM32F4xx_HAL_Driver/Src/stm32f4xx_hal_spi.o
 .text.HAL_TIM_Base_Init
                0x08005170       0x9e ./Drivers/STM32F4xx_HAL_Driver/Src/stm32f4xx_hal_tim.o
                0x08005170                HAL_TIM_Base_Init
 *fill*         0x0800520e        0x2 
 .text.HAL_TIM_Base_Start_IT
                0x08005210       0xe0 ./Drivers/STM32F4xx_HAL_Driver/Src/stm32f4xx_hal_tim.o
                0x08005210                HAL_TIM_Base_Start_IT
 .text.HAL_TIM_Base_Stop_IT
                0x080052f0       0x5e ./Drivers/STM32F4xx_HAL_Driver/Src/stm32f4xx_hal_tim.o
                0x080052f0                HAL_TIM_Base_Stop_IT
 .text.HAL_TIM_OC_Init
                0x0800534e       0x9e ./Drivers/STM32F4xx_HAL_Driver/Src/stm32f4xx_hal_tim.o
                0x0800534e                HAL_TIM_OC_Init
 .text.HAL_TIM_OC_MspInit
                0x080053ec       0x14 ./Drivers/STM32F4xx_HAL_Driver/Src/stm32f4xx_hal_tim.o
                0x080053ec                HAL_TIM_OC_MspInit
 .text.HAL_TIM_IRQHandler
                0x08005400      0x1e0 ./Drivers/STM32F4xx_HAL_Driver/Src/stm32f4xx_hal_tim.o
                0x08005400                HAL_TIM_IRQHandler
 .text.HAL_TIM_OC_ConfigChannel
                0x080055e0       0xb8 ./Drivers/STM32F4xx_HAL_Driver/Src/stm32f4xx_hal_tim.o
                0x080055e0                HAL_TIM_OC_ConfigChannel
 .text.HAL_TIM_ConfigClockSource
                0x08005698      0x18e ./Drivers/STM32F4xx_HAL_Driver/Src/stm32f4xx_hal_tim.o
                0x08005698                HAL_TIM_ConfigClockSource
 .text.HAL_TIM_PeriodElapsedCallback
                0x08005826       0x14 ./Drivers/STM32F4xx_HAL_Driver/Src/stm32f4xx_hal_tim.o
                0x08005826                HAL_TIM_PeriodElapsedCallback
 .text.HAL_TIM_OC_DelayElapsedCallback
                0x0800583a       0x14 ./Drivers/STM32F4xx_HAL_Driver/Src/stm32f4xx_hal_tim.o
                0x0800583a                HAL_TIM_OC_DelayElapsedCallback
 .text.HAL_TIM_IC_CaptureCallback
                0x0800584e       0x14 ./Drivers/STM32F4xx_HAL_Driver/Src/stm32f4xx_hal_tim.o
                0x0800584e                HAL_TIM_IC_CaptureCallback
 .text.HAL_TIM_PWM_PulseFinishedCallback
                0x08005862       0x14 ./Drivers/STM32F4xx_HAL_Driver/Src/stm32f4xx_hal_tim.o
                0x08005862                HAL_TIM_PWM_PulseFinishedCallback
 .text.HAL_TIM_TriggerCallback
                0x08005876       0x14 ./Drivers/STM32F4xx_HAL_Driver/Src/stm32f4xx_hal_tim.o
                0x08005876                HAL_TIM_TriggerCallback
 *fill*         0x0800588a        0x2 
 .text.TIM_Base_SetConfig
                0x0800588c      0x158 ./Drivers/STM32F4xx_HAL_Driver/Src/stm32f4xx_hal_tim.o
                0x0800588c                TIM_Base_SetConfig
 .text.TIM_OC1_SetConfig
                0x080059e4       0xe0 ./Drivers/STM32F4xx_HAL_Driver/Src/stm32f4xx_hal_tim.o
 .text.TIM_OC2_SetConfig
                0x08005ac4       0xec ./Drivers/STM32F4xx_HAL_Driver/Src/stm32f4xx_hal_tim.o
                0x08005ac4                TIM_OC2_SetConfig
 .text.TIM_OC3_SetConfig
                0x08005bb0       0xe8 ./Drivers/STM32F4xx_HAL_Driver/Src/stm32f4xx_hal_tim.o
 .text.TIM_OC4_SetConfig
                0x08005c98       0xac ./Drivers/STM32F4xx_HAL_Driver/Src/stm32f4xx_hal_tim.o
 .text.TIM_TI1_ConfigInputStage
                0x08005d44       0x5e ./Drivers/STM32F4xx_HAL_Driver/Src/stm32f4xx_hal_tim.o
 .text.TIM_TI2_ConfigInputStage
                0x08005da2       0x60 ./Drivers/STM32F4xx_HAL_Driver/Src/stm32f4xx_hal_tim.o
 .text.TIM_ITRx_SetConfig
                0x08005e02       0x36 ./Drivers/STM32F4xx_HAL_Driver/Src/stm32f4xx_hal_tim.o
 .text.TIM_ETR_SetConfig
                0x08005e38       0x40 ./Drivers/STM32F4xx_HAL_Driver/Src/stm32f4xx_hal_tim.o
                0x08005e38                TIM_ETR_SetConfig
 .text.HAL_TIMEx_MasterConfigSynchronization
                0x08005e78       0xf8 ./Drivers/STM32F4xx_HAL_Driver/Src/stm32f4xx_hal_tim_ex.o
                0x08005e78                HAL_TIMEx_MasterConfigSynchronization
 .text.HAL_TIMEx_ConfigBreakDeadTime
                0x08005f70       0xa4 ./Drivers/STM32F4xx_HAL_Driver/Src/stm32f4xx_hal_tim_ex.o
                0x08005f70                HAL_TIMEx_ConfigBreakDeadTime
 .text.HAL_TIMEx_CommutCallback
                0x08006014       0x14 ./Drivers/STM32F4xx_HAL_Driver/Src/stm32f4xx_hal_tim_ex.o
                0x08006014                HAL_TIMEx_CommutCallback
 .text.HAL_TIMEx_BreakCallback
                0x08006028       0x14 ./Drivers/STM32F4xx_HAL_Driver/Src/stm32f4xx_hal_tim_ex.o
                0x08006028                HAL_TIMEx_BreakCallback
 .text.HAL_UART_Init
                0x0800603c       0xa0 ./Drivers/STM32F4xx_HAL_Driver/Src/stm32f4xx_hal_uart.o
                0x0800603c                HAL_UART_Init
 .text.HAL_UART_IRQHandler
                0x080060dc      0x524 ./Drivers/STM32F4xx_HAL_Driver/Src/stm32f4xx_hal_uart.o
                0x080060dc                HAL_UART_IRQHandler
 .text.HAL_UART_TxCpltCallback
                0x08006600       0x14 ./Drivers/STM32F4xx_HAL_Driver/Src/stm32f4xx_hal_uart.o
                0x08006600                HAL_UART_TxCpltCallback
 .text.HAL_UART_RxCpltCallback
                0x08006614       0x14 ./Drivers/STM32F4xx_HAL_Driver/Src/stm32f4xx_hal_uart.o
                0x08006614                HAL_UART_RxCpltCallback
 .text.HAL_UART_ErrorCallback
                0x08006628       0x14 ./Drivers/STM32F4xx_HAL_Driver/Src/stm32f4xx_hal_uart.o
                0x08006628                HAL_UART_ErrorCallback
 .text.HAL_UARTEx_RxEventCallback
                0x0800663c       0x18 ./Drivers/STM32F4xx_HAL_Driver/Src/stm32f4xx_hal_uart.o
                0x0800663c                HAL_UARTEx_RxEventCallback
 .text.UART_EndRxTransfer
                0x08006654       0xc6 ./Drivers/STM32F4xx_HAL_Driver/Src/stm32f4xx_hal_uart.o
 .text.UART_DMAAbortOnError
                0x0800671a       0x28 ./Drivers/STM32F4xx_HAL_Driver/Src/stm32f4xx_hal_uart.o
 .text.UART_Transmit_IT
                0x08006742       0xa0 ./Drivers/STM32F4xx_HAL_Driver/Src/stm32f4xx_hal_uart.o
 .text.UART_EndTransmit_IT
                0x080067e2       0x30 ./Drivers/STM32F4xx_HAL_Driver/Src/stm32f4xx_hal_uart.o
 .text.UART_Receive_IT
                0x08006812      0x17c ./Drivers/STM32F4xx_HAL_Driver/Src/stm32f4xx_hal_uart.o
 *fill*         0x0800698e        0x2 
 .text.UART_SetConfig
                0x08006990      0x4e8 ./Drivers/STM32F4xx_HAL_Driver/Src/stm32f4xx_hal_uart.o
 .text.USB_CoreInit
                0x08006e78       0xc8 ./Drivers/STM32F4xx_HAL_Driver/Src/stm32f4xx_ll_usb.o
                0x08006e78                USB_CoreInit
 .text.USB_SetTurnaroundTime
                0x08006f40      0x144 ./Drivers/STM32F4xx_HAL_Driver/Src/stm32f4xx_ll_usb.o
                0x08006f40                USB_SetTurnaroundTime
 .text.USB_EnableGlobalInt
                0x08007084       0x22 ./Drivers/STM32F4xx_HAL_Driver/Src/stm32f4xx_ll_usb.o
                0x08007084                USB_EnableGlobalInt
 .text.USB_DisableGlobalInt
                0x080070a6       0x22 ./Drivers/STM32F4xx_HAL_Driver/Src/stm32f4xx_ll_usb.o
                0x080070a6                USB_DisableGlobalInt
 .text.USB_SetCurrentMode
                0x080070c8       0x98 ./Drivers/STM32F4xx_HAL_Driver/Src/stm32f4xx_ll_usb.o
                0x080070c8                USB_SetCurrentMode
 .text.USB_DevInit
                0x08007160      0x2c8 ./Drivers/STM32F4xx_HAL_Driver/Src/stm32f4xx_ll_usb.o
                0x08007160                USB_DevInit
 .text.USB_FlushTxFifo
                0x08007428       0x64 ./Drivers/STM32F4xx_HAL_Driver/Src/stm32f4xx_ll_usb.o
                0x08007428                USB_FlushTxFifo
 .text.USB_FlushRxFifo
                0x0800748c       0x5c ./Drivers/STM32F4xx_HAL_Driver/Src/stm32f4xx_ll_usb.o
                0x0800748c                USB_FlushRxFifo
 .text.USB_SetDevSpeed
                0x080074e8       0x32 ./Drivers/STM32F4xx_HAL_Driver/Src/stm32f4xx_ll_usb.o
                0x080074e8                USB_SetDevSpeed
 .text.USB_GetDevSpeed
                0x0800751a       0x4a ./Drivers/STM32F4xx_HAL_Driver/Src/stm32f4xx_ll_usb.o
                0x0800751a                USB_GetDevSpeed
 .text.USB_ActivateEndpoint
                0x08007564      0x10e ./Drivers/STM32F4xx_HAL_Driver/Src/stm32f4xx_ll_usb.o
                0x08007564                USB_ActivateEndpoint
 *fill*         0x08007672        0x2 
 .text.USB_DeactivateEndpoint
                0x08007674      0x1b8 ./Drivers/STM32F4xx_HAL_Driver/Src/stm32f4xx_ll_usb.o
                0x08007674                USB_DeactivateEndpoint
 .text.USB_EPStartXfer
                0x0800782c      0x53c ./Drivers/STM32F4xx_HAL_Driver/Src/stm32f4xx_ll_usb.o
                0x0800782c                USB_EPStartXfer
 .text.USB_EPStopXfer
                0x08007d68      0x154 ./Drivers/STM32F4xx_HAL_Driver/Src/stm32f4xx_ll_usb.o
                0x08007d68                USB_EPStopXfer
 .text.USB_WritePacket
                0x08007ebc       0x7c ./Drivers/STM32F4xx_HAL_Driver/Src/stm32f4xx_ll_usb.o
                0x08007ebc                USB_WritePacket
 .text.USB_ReadPacket
                0x08007f38       0xb0 ./Drivers/STM32F4xx_HAL_Driver/Src/stm32f4xx_ll_usb.o
                0x08007f38                USB_ReadPacket
 .text.USB_EPSetStall
                0x08007fe8       0xdc ./Drivers/STM32F4xx_HAL_Driver/Src/stm32f4xx_ll_usb.o
                0x08007fe8                USB_EPSetStall
 .text.USB_EPClearStall
                0x080080c4       0xcc ./Drivers/STM32F4xx_HAL_Driver/Src/stm32f4xx_ll_usb.o
                0x080080c4                USB_EPClearStall
 .text.USB_SetDevAddress
                0x08008190       0x4c ./Drivers/STM32F4xx_HAL_Driver/Src/stm32f4xx_ll_usb.o
                0x08008190                USB_SetDevAddress
 .text.USB_DevConnect
                0x080081dc       0x42 ./Drivers/STM32F4xx_HAL_Driver/Src/stm32f4xx_ll_usb.o
                0x080081dc                USB_DevConnect
 .text.USB_DevDisconnect
                0x0800821e       0x42 ./Drivers/STM32F4xx_HAL_Driver/Src/stm32f4xx_ll_usb.o
                0x0800821e                USB_DevDisconnect
 .text.USB_ReadInterrupts
                0x08008260       0x26 ./Drivers/STM32F4xx_HAL_Driver/Src/stm32f4xx_ll_usb.o
                0x08008260                USB_ReadInterrupts
 .text.USB_ReadDevAllOutEpInterrupt
                0x08008286       0x34 ./Drivers/STM32F4xx_HAL_Driver/Src/stm32f4xx_ll_usb.o
                0x08008286                USB_ReadDevAllOutEpInterrupt
 .text.USB_ReadDevAllInEpInterrupt
                0x080082ba       0x34 ./Drivers/STM32F4xx_HAL_Driver/Src/stm32f4xx_ll_usb.o
                0x080082ba                USB_ReadDevAllInEpInterrupt
 .text.USB_ReadDevOutEPInterrupt
                0x080082ee       0x3c ./Drivers/STM32F4xx_HAL_Driver/Src/stm32f4xx_ll_usb.o
                0x080082ee                USB_ReadDevOutEPInterrupt
 .text.USB_ReadDevInEPInterrupt
                0x0800832a       0x5c ./Drivers/STM32F4xx_HAL_Driver/Src/stm32f4xx_ll_usb.o
                0x0800832a                USB_ReadDevInEPInterrupt
 .text.USB_GetMode
                0x08008386       0x1c ./Drivers/STM32F4xx_HAL_Driver/Src/stm32f4xx_ll_usb.o
                0x08008386                USB_GetMode
 .text.USB_ActivateSetup
                0x080083a2       0x46 ./Drivers/STM32F4xx_HAL_Driver/Src/stm32f4xx_ll_usb.o
                0x080083a2                USB_ActivateSetup
 .text.USB_EP0_OutStart
                0x080083e8       0xbc ./Drivers/STM32F4xx_HAL_Driver/Src/stm32f4xx_ll_usb.o
                0x080083e8                USB_EP0_OutStart
 .text.USB_CoreReset
                0x080084a4       0x62 ./Drivers/STM32F4xx_HAL_Driver/Src/stm32f4xx_ll_usb.o
 *fill*         0x08008506        0x2 
 .text.USBD_CDC_Init
                0x08008508      0x1f0 ./Middlewares/ST/STM32_USB_Device_Library/Class/CDC/Src/usbd_cdc.o
 .text.USBD_CDC_DeInit
                0x080086f8      0x104 ./Middlewares/ST/STM32_USB_Device_Library/Class/CDC/Src/usbd_cdc.o
 .text.USBD_CDC_Setup
                0x080087fc      0x1b8 ./Middlewares/ST/STM32_USB_Device_Library/Class/CDC/Src/usbd_cdc.o
 .text.USBD_CDC_DataIn
                0x080089b4       0xfe ./Middlewares/ST/STM32_USB_Device_Library/Class/CDC/Src/usbd_cdc.o
 .text.USBD_CDC_DataOut
                0x08008ab2       0x70 ./Middlewares/ST/STM32_USB_Device_Library/Class/CDC/Src/usbd_cdc.o
 .text.USBD_CDC_EP0_RxReady
                0x08008b22       0x74 ./Middlewares/ST/STM32_USB_Device_Library/Class/CDC/Src/usbd_cdc.o
 *fill*         0x08008b96        0x2 
 .text.USBD_CDC_GetFSCfgDesc
                0x08008b98       0x70 ./Middlewares/ST/STM32_USB_Device_Library/Class/CDC/Src/usbd_cdc.o
 .text.USBD_CDC_GetHSCfgDesc
                0x08008c08       0x70 ./Middlewares/ST/STM32_USB_Device_Library/Class/CDC/Src/usbd_cdc.o
 .text.USBD_CDC_GetOtherSpeedCfgDesc
                0x08008c78       0x70 ./Middlewares/ST/STM32_USB_Device_Library/Class/CDC/Src/usbd_cdc.o
 .text.USBD_CDC_GetDeviceQualifierDescriptor
                0x08008ce8       0x20 ./Middlewares/ST/STM32_USB_Device_Library/Class/CDC/Src/usbd_cdc.o
                0x08008ce8                USBD_CDC_GetDeviceQualifierDescriptor
 .text.USBD_CDC_RegisterInterface
                0x08008d08       0x34 ./Middlewares/ST/STM32_USB_Device_Library/Class/CDC/Src/usbd_cdc.o
                0x08008d08                USBD_CDC_RegisterInterface
 .text.USBD_CDC_SetTxBuffer
                0x08008d3c       0x44 ./Middlewares/ST/STM32_USB_Device_Library/Class/CDC/Src/usbd_cdc.o
                0x08008d3c                USBD_CDC_SetTxBuffer
 .text.USBD_CDC_SetRxBuffer
                0x08008d80       0x3a ./Middlewares/ST/STM32_USB_Device_Library/Class/CDC/Src/usbd_cdc.o
                0x08008d80                USBD_CDC_SetRxBuffer
 *fill*         0x08008dba        0x2 
 .text.USBD_CDC_TransmitPacket
                0x08008dbc       0x80 ./Middlewares/ST/STM32_USB_Device_Library/Class/CDC/Src/usbd_cdc.o
                0x08008dbc                USBD_CDC_TransmitPacket
 .text.USBD_CDC_ReceivePacket
                0x08008e3c       0x6c ./Middlewares/ST/STM32_USB_Device_Library/Class/CDC/Src/usbd_cdc.o
                0x08008e3c                USBD_CDC_ReceivePacket
 .text.USBD_Init
                0x08008ea8       0x60 ./Middlewares/ST/STM32_USB_Device_Library/Core/Src/usbd_core.o
                0x08008ea8                USBD_Init
 .text.USBD_RegisterClass
                0x08008f08       0x6c ./Middlewares/ST/STM32_USB_Device_Library/Core/Src/usbd_core.o
                0x08008f08                USBD_RegisterClass
 .text.USBD_Start
                0x08008f74       0x18 ./Middlewares/ST/STM32_USB_Device_Library/Core/Src/usbd_core.o
                0x08008f74                USBD_Start
 .text.USBD_RunTestMode
                0x08008f8c       0x16 ./Middlewares/ST/STM32_USB_Device_Library/Core/Src/usbd_core.o
                0x08008f8c                USBD_RunTestMode
 .text.USBD_SetClassConfig
                0x08008fa2       0x38 ./Middlewares/ST/STM32_USB_Device_Library/Core/Src/usbd_core.o
                0x08008fa2                USBD_SetClassConfig
 .text.USBD_ClrClassConfig
                0x08008fda       0x34 ./Middlewares/ST/STM32_USB_Device_Library/Core/Src/usbd_core.o
                0x08008fda                USBD_ClrClassConfig
 .text.USBD_LL_SetupStage
                0x0800900e       0xaa ./Middlewares/ST/STM32_USB_Device_Library/Core/Src/usbd_core.o
                0x0800900e                USBD_LL_SetupStage
 .text.USBD_LL_DataOutStage
                0x080090b8      0x166 ./Middlewares/ST/STM32_USB_Device_Library/Core/Src/usbd_core.o
                0x080090b8                USBD_LL_DataOutStage
 .text.USBD_LL_DataInStage
                0x0800921e      0x164 ./Middlewares/ST/STM32_USB_Device_Library/Core/Src/usbd_core.o
                0x0800921e                USBD_LL_DataInStage
 .text.USBD_LL_Reset
                0x08009382       0xa4 ./Middlewares/ST/STM32_USB_Device_Library/Core/Src/usbd_core.o
                0x08009382                USBD_LL_Reset
 .text.USBD_LL_SetSpeed
                0x08009426       0x20 ./Middlewares/ST/STM32_USB_Device_Library/Core/Src/usbd_core.o
                0x08009426                USBD_LL_SetSpeed
 .text.USBD_LL_Suspend
                0x08009446       0x38 ./Middlewares/ST/STM32_USB_Device_Library/Core/Src/usbd_core.o
                0x08009446                USBD_LL_Suspend
 .text.USBD_LL_Resume
                0x0800947e       0x30 ./Middlewares/ST/STM32_USB_Device_Library/Core/Src/usbd_core.o
                0x0800947e                USBD_LL_Resume
 .text.USBD_LL_SOF
                0x080094ae       0x40 ./Middlewares/ST/STM32_USB_Device_Library/Core/Src/usbd_core.o
                0x080094ae                USBD_LL_SOF
 .text.USBD_LL_IsoINIncomplete
                0x080094ee       0x64 ./Middlewares/ST/STM32_USB_Device_Library/Core/Src/usbd_core.o
                0x080094ee                USBD_LL_IsoINIncomplete
 .text.USBD_LL_IsoOUTIncomplete
                0x08009552       0x64 ./Middlewares/ST/STM32_USB_Device_Library/Core/Src/usbd_core.o
                0x08009552                USBD_LL_IsoOUTIncomplete
 .text.USBD_LL_DevConnected
                0x080095b6       0x16 ./Middlewares/ST/STM32_USB_Device_Library/Core/Src/usbd_core.o
                0x080095b6                USBD_LL_DevConnected
 .text.USBD_LL_DevDisconnected
                0x080095cc       0x46 ./Middlewares/ST/STM32_USB_Device_Library/Core/Src/usbd_core.o
                0x080095cc                USBD_LL_DevDisconnected
 .text.USBD_CoreFindIF
                0x08009612       0x1a ./Middlewares/ST/STM32_USB_Device_Library/Core/Src/usbd_core.o
                0x08009612                USBD_CoreFindIF
 .text.USBD_CoreFindEP
                0x0800962c       0x1a ./Middlewares/ST/STM32_USB_Device_Library/Core/Src/usbd_core.o
                0x0800962c                USBD_CoreFindEP
 .text.USBD_GetEpDesc
                0x08009646       0x70 ./Middlewares/ST/STM32_USB_Device_Library/Core/Src/usbd_core.o
                0x08009646                USBD_GetEpDesc
 .text.USBD_GetNextDesc
                0x080096b6       0x38 ./Middlewares/ST/STM32_USB_Device_Library/Core/Src/usbd_core.o
                0x080096b6                USBD_GetNextDesc
 .text.SWAPBYTE
                0x080096ee       0x3c ./Middlewares/ST/STM32_USB_Device_Library/Core/Src/usbd_ctlreq.o
 *fill*         0x0800972a        0x2 
 .text.USBD_StdDevReq
                0x0800972c       0xe4 ./Middlewares/ST/STM32_USB_Device_Library/Core/Src/usbd_ctlreq.o
                0x0800972c                USBD_StdDevReq
 .text.USBD_StdItfReq
                0x08009810       0xd8 ./Middlewares/ST/STM32_USB_Device_Library/Core/Src/usbd_ctlreq.o
                0x08009810                USBD_StdItfReq
 .text.USBD_StdEPReq
                0x080098e8      0x33a ./Middlewares/ST/STM32_USB_Device_Library/Core/Src/usbd_ctlreq.o
                0x080098e8                USBD_StdEPReq
 *fill*         0x08009c22        0x2 
 .text.USBD_GetDescriptor
                0x08009c24      0x2d4 ./Middlewares/ST/STM32_USB_Device_Library/Core/Src/usbd_ctlreq.o
 .text.USBD_SetAddress
                0x08009ef8       0x88 ./Middlewares/ST/STM32_USB_Device_Library/Core/Src/usbd_ctlreq.o
 .text.USBD_SetConfig
                0x08009f80      0x154 ./Middlewares/ST/STM32_USB_Device_Library/Core/Src/usbd_ctlreq.o
 .text.USBD_GetConfig
                0x0800a0d4       0x6c ./Middlewares/ST/STM32_USB_Device_Library/Core/Src/usbd_ctlreq.o
 .text.USBD_GetStatus
                0x0800a140       0x68 ./Middlewares/ST/STM32_USB_Device_Library/Core/Src/usbd_ctlreq.o
 .text.USBD_SetFeature
                0x0800a1a8       0x52 ./Middlewares/ST/STM32_USB_Device_Library/Core/Src/usbd_ctlreq.o
 .text.USBD_ClrFeature
                0x0800a1fa       0x44 ./Middlewares/ST/STM32_USB_Device_Library/Core/Src/usbd_ctlreq.o
 .text.USBD_ParseSetupRequest
                0x0800a23e       0x74 ./Middlewares/ST/STM32_USB_Device_Library/Core/Src/usbd_ctlreq.o
                0x0800a23e                USBD_ParseSetupRequest
 .text.USBD_CtlError
                0x0800a2b2       0x22 ./Middlewares/ST/STM32_USB_Device_Library/Core/Src/usbd_ctlreq.o
                0x0800a2b2                USBD_CtlError
 .text.USBD_GetString
                0x0800a2d4       0xa4 ./Middlewares/ST/STM32_USB_Device_Library/Core/Src/usbd_ctlreq.o
                0x0800a2d4                USBD_GetString
 .text.USBD_GetLen
                0x0800a378       0x34 ./Middlewares/ST/STM32_USB_Device_Library/Core/Src/usbd_ctlreq.o
 .text.USBD_CtlSendData
                0x0800a3ac       0x36 ./Middlewares/ST/STM32_USB_Device_Library/Core/Src/usbd_ioreq.o
                0x0800a3ac                USBD_CtlSendData
 .text.USBD_CtlContinueSendData
                0x0800a3e2       0x22 ./Middlewares/ST/STM32_USB_Device_Library/Core/Src/usbd_ioreq.o
                0x0800a3e2                USBD_CtlContinueSendData
 .text.USBD_CtlPrepareRx
                0x0800a404       0x3a ./Middlewares/ST/STM32_USB_Device_Library/Core/Src/usbd_ioreq.o
                0x0800a404                USBD_CtlPrepareRx
 .text.USBD_CtlContinueRx
                0x0800a43e       0x22 ./Middlewares/ST/STM32_USB_Device_Library/Core/Src/usbd_ioreq.o
                0x0800a43e                USBD_CtlContinueRx
 .text.USBD_CtlSendStatus
                0x0800a460       0x26 ./Middlewares/ST/STM32_USB_Device_Library/Core/Src/usbd_ioreq.o
                0x0800a460                USBD_CtlSendStatus
 .text.USBD_CtlReceiveStatus
                0x0800a486       0x26 ./Middlewares/ST/STM32_USB_Device_Library/Core/Src/usbd_ioreq.o
                0x0800a486                USBD_CtlReceiveStatus
 .text.MX_USB_DEVICE_Init
                0x0800a4ac       0x60 ./USB_DEVICE/App/usb_device.o
                0x0800a4ac                MX_USB_DEVICE_Init
 .text.CDC_Init_HS
                0x0800a50c       0x28 ./USB_DEVICE/App/usbd_cdc_if.o
 .text.CDC_DeInit_HS
                0x0800a534       0x10 ./USB_DEVICE/App/usbd_cdc_if.o
 .text.CDC_Control_HS
                0x0800a544       0xbc ./USB_DEVICE/App/usbd_cdc_if.o
 .text.CDC_Receive_HS
                0x0800a600       0x28 ./USB_DEVICE/App/usbd_cdc_if.o
 .text.CDC_Transmit_HS
                0x0800a628       0x4c ./USB_DEVICE/App/usbd_cdc_if.o
                0x0800a628                CDC_Transmit_HS
 .text.CDC_TransmitCplt_HS
                0x0800a674       0x22 ./USB_DEVICE/App/usbd_cdc_if.o
 *fill*         0x0800a696        0x2 
 .text.USBD_HS_DeviceDescriptor
                0x0800a698       0x24 ./USB_DEVICE/App/usbd_desc.o
                0x0800a698                USBD_HS_DeviceDescriptor
 .text.USBD_HS_LangIDStrDescriptor
                0x0800a6bc       0x24 ./USB_DEVICE/App/usbd_desc.o
                0x0800a6bc                USBD_HS_LangIDStrDescriptor
 .text.USBD_HS_ProductStrDescriptor
                0x0800a6e0       0x3c ./USB_DEVICE/App/usbd_desc.o
                0x0800a6e0                USBD_HS_ProductStrDescriptor
 .text.USBD_HS_ManufacturerStrDescriptor
                0x0800a71c       0x28 ./USB_DEVICE/App/usbd_desc.o
                0x0800a71c                USBD_HS_ManufacturerStrDescriptor
 .text.USBD_HS_SerialStrDescriptor
                0x0800a744       0x24 ./USB_DEVICE/App/usbd_desc.o
                0x0800a744                USBD_HS_SerialStrDescriptor
 .text.USBD_HS_ConfigStrDescriptor
                0x0800a768       0x3c ./USB_DEVICE/App/usbd_desc.o
                0x0800a768                USBD_HS_ConfigStrDescriptor
 .text.USBD_HS_InterfaceStrDescriptor
                0x0800a7a4       0x3c ./USB_DEVICE/App/usbd_desc.o
                0x0800a7a4                USBD_HS_InterfaceStrDescriptor
 .text.Get_SerialNum
                0x0800a7e0       0x58 ./USB_DEVICE/App/usbd_desc.o
 .text.IntToUnicode
                0x0800a838       0x7e ./USB_DEVICE/App/usbd_desc.o
 *fill*         0x0800a8b6        0x2 
 .text.HAL_PCD_MspInit
                0x0800a8b8      0x13c ./USB_DEVICE/Target/usbd_conf.o
                0x0800a8b8                HAL_PCD_MspInit
 .text.HAL_PCD_SetupStageCallback
                0x0800a9f4       0x24 ./USB_DEVICE/Target/usbd_conf.o
                0x0800a9f4                HAL_PCD_SetupStageCallback
 .text.HAL_PCD_DataOutStageCallback
                0x0800aa18       0x36 ./USB_DEVICE/Target/usbd_conf.o
                0x0800aa18                HAL_PCD_DataOutStageCallback
 .text.HAL_PCD_DataInStageCallback
                0x0800aa4e       0x34 ./USB_DEVICE/Target/usbd_conf.o
                0x0800aa4e                HAL_PCD_DataInStageCallback
 .text.HAL_PCD_SOFCallback
                0x0800aa82       0x1c ./USB_DEVICE/Target/usbd_conf.o
                0x0800aa82                HAL_PCD_SOFCallback
 .text.HAL_PCD_ResetCallback
                0x0800aa9e       0x50 ./USB_DEVICE/Target/usbd_conf.o
                0x0800aa9e                HAL_PCD_ResetCallback
 *fill*         0x0800aaee        0x2 
 .text.HAL_PCD_SuspendCallback
                0x0800aaf0       0x4c ./USB_DEVICE/Target/usbd_conf.o
                0x0800aaf0                HAL_PCD_SuspendCallback
 .text.HAL_PCD_ResumeCallback
                0x0800ab3c       0x1c ./USB_DEVICE/Target/usbd_conf.o
                0x0800ab3c                HAL_PCD_ResumeCallback
 .text.HAL_PCD_ISOOUTIncompleteCallback
                0x0800ab58       0x24 ./USB_DEVICE/Target/usbd_conf.o
                0x0800ab58                HAL_PCD_ISOOUTIncompleteCallback
 .text.HAL_PCD_ISOINIncompleteCallback
                0x0800ab7c       0x24 ./USB_DEVICE/Target/usbd_conf.o
                0x0800ab7c                HAL_PCD_ISOINIncompleteCallback
 .text.HAL_PCD_ConnectCallback
                0x0800aba0       0x1c ./USB_DEVICE/Target/usbd_conf.o
                0x0800aba0                HAL_PCD_ConnectCallback
 .text.HAL_PCD_DisconnectCallback
                0x0800abbc       0x1c ./USB_DEVICE/Target/usbd_conf.o
                0x0800abbc                HAL_PCD_DisconnectCallback
 .text.USBD_LL_Init
                0x0800abd8       0xa4 ./USB_DEVICE/Target/usbd_conf.o
                0x0800abd8                USBD_LL_Init
 .text.USBD_LL_Start
                0x0800ac7c       0x36 ./USB_DEVICE/Target/usbd_conf.o
                0x0800ac7c                USBD_LL_Start
 .text.USBD_LL_OpenEP
                0x0800acb2       0x4c ./USB_DEVICE/Target/usbd_conf.o
                0x0800acb2                USBD_LL_OpenEP
 .text.USBD_LL_CloseEP
                0x0800acfe       0x3e ./USB_DEVICE/Target/usbd_conf.o
                0x0800acfe                USBD_LL_CloseEP
 .text.USBD_LL_StallEP
                0x0800ad3c       0x3e ./USB_DEVICE/Target/usbd_conf.o
                0x0800ad3c                USBD_LL_StallEP
 .text.USBD_LL_ClearStallEP
                0x0800ad7a       0x3e ./USB_DEVICE/Target/usbd_conf.o
                0x0800ad7a                USBD_LL_ClearStallEP
 .text.USBD_LL_IsStallEP
                0x0800adb8       0x58 ./USB_DEVICE/Target/usbd_conf.o
                0x0800adb8                USBD_LL_IsStallEP
 .text.USBD_LL_SetUSBAddress
                0x0800ae10       0x3e ./USB_DEVICE/Target/usbd_conf.o
                0x0800ae10                USBD_LL_SetUSBAddress
 .text.USBD_LL_Transmit
                0x0800ae4e       0x42 ./USB_DEVICE/Target/usbd_conf.o
                0x0800ae4e                USBD_LL_Transmit
 .text.USBD_LL_PrepareReceive
                0x0800ae90       0x42 ./USB_DEVICE/Target/usbd_conf.o
                0x0800ae90                USBD_LL_PrepareReceive
 .text.USBD_LL_GetRxDataSize
                0x0800aed2       0x26 ./USB_DEVICE/Target/usbd_conf.o
                0x0800aed2                USBD_LL_GetRxDataSize
 .text.USBD_static_malloc
                0x0800aef8       0x1c ./USB_DEVICE/Target/usbd_conf.o
                0x0800aef8                USBD_static_malloc
 .text.USBD_static_free
                0x0800af14       0x14 ./USB_DEVICE/Target/usbd_conf.o
                0x0800af14                USBD_static_free
 .text.USBD_Get_USB_Status
                0x0800af28       0x58 ./USB_DEVICE/Target/usbd_conf.o
                0x0800af28                USBD_Get_USB_Status
 .text.std      0x0800af80       0x6c C:/ST/STM32CubeIDE_1.16.0/STM32CubeIDE/plugins/com.st.stm32cube.ide.mcu.externaltools.gnu-tools-for-stm32.12.3.rel1.win32_1.0.200.202406191623/tools/bin/../lib/gcc/arm-none-eabi/12.3.1/../../../../arm-none-eabi/lib/thumb/v7e-m+fp/hard\libc.a(libc_a-findfp.o)
 .text.stdio_exit_handler
                0x0800afec       0x18 C:/ST/STM32CubeIDE_1.16.0/STM32CubeIDE/plugins/com.st.stm32cube.ide.mcu.externaltools.gnu-tools-for-stm32.12.3.rel1.win32_1.0.200.202406191623/tools/bin/../lib/gcc/arm-none-eabi/12.3.1/../../../../arm-none-eabi/lib/thumb/v7e-m+fp/hard\libc.a(libc_a-findfp.o)
 .text.cleanup_stdio
                0x0800b004       0x40 C:/ST/STM32CubeIDE_1.16.0/STM32CubeIDE/plugins/com.st.stm32cube.ide.mcu.externaltools.gnu-tools-for-stm32.12.3.rel1.win32_1.0.200.202406191623/tools/bin/../lib/gcc/arm-none-eabi/12.3.1/../../../../arm-none-eabi/lib/thumb/v7e-m+fp/hard\libc.a(libc_a-findfp.o)
 .text.global_stdio_init.part.0
                0x0800b044       0x3c C:/ST/STM32CubeIDE_1.16.0/STM32CubeIDE/plugins/com.st.stm32cube.ide.mcu.externaltools.gnu-tools-for-stm32.12.3.rel1.win32_1.0.200.202406191623/tools/bin/../lib/gcc/arm-none-eabi/12.3.1/../../../../arm-none-eabi/lib/thumb/v7e-m+fp/hard\libc.a(libc_a-findfp.o)
 .text.__sfp_lock_acquire
                0x0800b080        0xc C:/ST/STM32CubeIDE_1.16.0/STM32CubeIDE/plugins/com.st.stm32cube.ide.mcu.externaltools.gnu-tools-for-stm32.12.3.rel1.win32_1.0.200.202406191623/tools/bin/../lib/gcc/arm-none-eabi/12.3.1/../../../../arm-none-eabi/lib/thumb/v7e-m+fp/hard\libc.a(libc_a-findfp.o)
                0x0800b080                __sfp_lock_acquire
 .text.__sfp_lock_release
                0x0800b08c        0xc C:/ST/STM32CubeIDE_1.16.0/STM32CubeIDE/plugins/com.st.stm32cube.ide.mcu.externaltools.gnu-tools-for-stm32.12.3.rel1.win32_1.0.200.202406191623/tools/bin/../lib/gcc/arm-none-eabi/12.3.1/../../../../arm-none-eabi/lib/thumb/v7e-m+fp/hard\libc.a(libc_a-findfp.o)
                0x0800b08c                __sfp_lock_release
 .text.__sinit  0x0800b098       0x30 C:/ST/STM32CubeIDE_1.16.0/STM32CubeIDE/plugins/com.st.stm32cube.ide.mcu.externaltools.gnu-tools-for-stm32.12.3.rel1.win32_1.0.200.202406191623/tools/bin/../lib/gcc/arm-none-eabi/12.3.1/../../../../arm-none-eabi/lib/thumb/v7e-m+fp/hard\libc.a(libc_a-findfp.o)
                0x0800b098                __sinit
 .text._fwalk_sglue
                0x0800b0c8       0x3c C:/ST/STM32CubeIDE_1.16.0/STM32CubeIDE/plugins/com.st.stm32cube.ide.mcu.externaltools.gnu-tools-for-stm32.12.3.rel1.win32_1.0.200.202406191623/tools/bin/../lib/gcc/arm-none-eabi/12.3.1/../../../../arm-none-eabi/lib/thumb/v7e-m+fp/hard\libc.a(libc_a-fwalk.o)
                0x0800b0c8                _fwalk_sglue
 .text.sprintf  0x0800b104       0x40 C:/ST/STM32CubeIDE_1.16.0/STM32CubeIDE/plugins/com.st.stm32cube.ide.mcu.externaltools.gnu-tools-for-stm32.12.3.rel1.win32_1.0.200.202406191623/tools/bin/../lib/gcc/arm-none-eabi/12.3.1/../../../../arm-none-eabi/lib/thumb/v7e-m+fp/hard\libc.a(libc_a-sprintf.o)
                0x0800b104                sprintf
 .text.__sread  0x0800b144       0x22 C:/ST/STM32CubeIDE_1.16.0/STM32CubeIDE/plugins/com.st.stm32cube.ide.mcu.externaltools.gnu-tools-for-stm32.12.3.rel1.win32_1.0.200.202406191623/tools/bin/../lib/gcc/arm-none-eabi/12.3.1/../../../../arm-none-eabi/lib/thumb/v7e-m+fp/hard\libc.a(libc_a-stdio.o)
                0x0800b144                __sread
 .text.__swrite
                0x0800b166       0x38 C:/ST/STM32CubeIDE_1.16.0/STM32CubeIDE/plugins/com.st.stm32cube.ide.mcu.externaltools.gnu-tools-for-stm32.12.3.rel1.win32_1.0.200.202406191623/tools/bin/../lib/gcc/arm-none-eabi/12.3.1/../../../../arm-none-eabi/lib/thumb/v7e-m+fp/hard\libc.a(libc_a-stdio.o)
                0x0800b166                __swrite
 .text.__sseek  0x0800b19e       0x24 C:/ST/STM32CubeIDE_1.16.0/STM32CubeIDE/plugins/com.st.stm32cube.ide.mcu.externaltools.gnu-tools-for-stm32.12.3.rel1.win32_1.0.200.202406191623/tools/bin/../lib/gcc/arm-none-eabi/12.3.1/../../../../arm-none-eabi/lib/thumb/v7e-m+fp/hard\libc.a(libc_a-stdio.o)
                0x0800b19e                __sseek
 .text.__sclose
                0x0800b1c2        0x8 C:/ST/STM32CubeIDE_1.16.0/STM32CubeIDE/plugins/com.st.stm32cube.ide.mcu.externaltools.gnu-tools-for-stm32.12.3.rel1.win32_1.0.200.202406191623/tools/bin/../lib/gcc/arm-none-eabi/12.3.1/../../../../arm-none-eabi/lib/thumb/v7e-m+fp/hard\libc.a(libc_a-stdio.o)
                0x0800b1c2                __sclose
 .text.memset   0x0800b1ca       0x10 C:/ST/STM32CubeIDE_1.16.0/STM32CubeIDE/plugins/com.st.stm32cube.ide.mcu.externaltools.gnu-tools-for-stm32.12.3.rel1.win32_1.0.200.202406191623/tools/bin/../lib/gcc/arm-none-eabi/12.3.1/../../../../arm-none-eabi/lib/thumb/v7e-m+fp/hard\libc.a(libc_a-memset.o)
                0x0800b1ca                memset
 *fill*         0x0800b1da        0x2 
 .text._close_r
                0x0800b1dc       0x20 C:/ST/STM32CubeIDE_1.16.0/STM32CubeIDE/plugins/com.st.stm32cube.ide.mcu.externaltools.gnu-tools-for-stm32.12.3.rel1.win32_1.0.200.202406191623/tools/bin/../lib/gcc/arm-none-eabi/12.3.1/../../../../arm-none-eabi/lib/thumb/v7e-m+fp/hard\libc.a(libc_a-closer.o)
                0x0800b1dc                _close_r
 .text._lseek_r
                0x0800b1fc       0x24 C:/ST/STM32CubeIDE_1.16.0/STM32CubeIDE/plugins/com.st.stm32cube.ide.mcu.externaltools.gnu-tools-for-stm32.12.3.rel1.win32_1.0.200.202406191623/tools/bin/../lib/gcc/arm-none-eabi/12.3.1/../../../../arm-none-eabi/lib/thumb/v7e-m+fp/hard\libc.a(libc_a-lseekr.o)
                0x0800b1fc                _lseek_r
 .text._read_r  0x0800b220       0x24 C:/ST/STM32CubeIDE_1.16.0/STM32CubeIDE/plugins/com.st.stm32cube.ide.mcu.externaltools.gnu-tools-for-stm32.12.3.rel1.win32_1.0.200.202406191623/tools/bin/../lib/gcc/arm-none-eabi/12.3.1/../../../../arm-none-eabi/lib/thumb/v7e-m+fp/hard\libc.a(libc_a-readr.o)
                0x0800b220                _read_r
 .text._write_r
                0x0800b244       0x24 C:/ST/STM32CubeIDE_1.16.0/STM32CubeIDE/plugins/com.st.stm32cube.ide.mcu.externaltools.gnu-tools-for-stm32.12.3.rel1.win32_1.0.200.202406191623/tools/bin/../lib/gcc/arm-none-eabi/12.3.1/../../../../arm-none-eabi/lib/thumb/v7e-m+fp/hard\libc.a(libc_a-writer.o)
                0x0800b244                _write_r
 .text.__errno  0x0800b268        0xc C:/ST/STM32CubeIDE_1.16.0/STM32CubeIDE/plugins/com.st.stm32cube.ide.mcu.externaltools.gnu-tools-for-stm32.12.3.rel1.win32_1.0.200.202406191623/tools/bin/../lib/gcc/arm-none-eabi/12.3.1/../../../../arm-none-eabi/lib/thumb/v7e-m+fp/hard\libc.a(libc_a-errno.o)
                0x0800b268                __errno
 .text.__libc_init_array
                0x0800b274       0x48 C:/ST/STM32CubeIDE_1.16.0/STM32CubeIDE/plugins/com.st.stm32cube.ide.mcu.externaltools.gnu-tools-for-stm32.12.3.rel1.win32_1.0.200.202406191623/tools/bin/../lib/gcc/arm-none-eabi/12.3.1/../../../../arm-none-eabi/lib/thumb/v7e-m+fp/hard\libc.a(libc_a-init.o)
                0x0800b274                __libc_init_array
 .text.__retarget_lock_init_recursive
                0x0800b2bc        0x2 C:/ST/STM32CubeIDE_1.16.0/STM32CubeIDE/plugins/com.st.stm32cube.ide.mcu.externaltools.gnu-tools-for-stm32.12.3.rel1.win32_1.0.200.202406191623/tools/bin/../lib/gcc/arm-none-eabi/12.3.1/../../../../arm-none-eabi/lib/thumb/v7e-m+fp/hard\libc.a(libc_a-lock.o)
                0x0800b2bc                __retarget_lock_init_recursive
 .text.__retarget_lock_close_recursive
                0x0800b2be        0x2 C:/ST/STM32CubeIDE_1.16.0/STM32CubeIDE/plugins/com.st.stm32cube.ide.mcu.externaltools.gnu-tools-for-stm32.12.3.rel1.win32_1.0.200.202406191623/tools/bin/../lib/gcc/arm-none-eabi/12.3.1/../../../../arm-none-eabi/lib/thumb/v7e-m+fp/hard\libc.a(libc_a-lock.o)
                0x0800b2be                __retarget_lock_close_recursive
 .text.__retarget_lock_acquire_recursive
                0x0800b2c0        0x2 C:/ST/STM32CubeIDE_1.16.0/STM32CubeIDE/plugins/com.st.stm32cube.ide.mcu.externaltools.gnu-tools-for-stm32.12.3.rel1.win32_1.0.200.202406191623/tools/bin/../lib/gcc/arm-none-eabi/12.3.1/../../../../arm-none-eabi/lib/thumb/v7e-m+fp/hard\libc.a(libc_a-lock.o)
                0x0800b2c0                __retarget_lock_acquire_recursive
 .text.__retarget_lock_release_recursive
                0x0800b2c2        0x2 C:/ST/STM32CubeIDE_1.16.0/STM32CubeIDE/plugins/com.st.stm32cube.ide.mcu.externaltools.gnu-tools-for-stm32.12.3.rel1.win32_1.0.200.202406191623/tools/bin/../lib/gcc/arm-none-eabi/12.3.1/../../../../arm-none-eabi/lib/thumb/v7e-m+fp/hard\libc.a(libc_a-lock.o)
                0x0800b2c2                __retarget_lock_release_recursive
 .text.startup.register_fini
                0x0800b2c4       0x14 C:/ST/STM32CubeIDE_1.16.0/STM32CubeIDE/plugins/com.st.stm32cube.ide.mcu.externaltools.gnu-tools-for-stm32.12.3.rel1.win32_1.0.200.202406191623/tools/bin/../lib/gcc/arm-none-eabi/12.3.1/../../../../arm-none-eabi/lib/thumb/v7e-m+fp/hard\libc.a(libc_a-__call_atexit.o)
 .text.atexit   0x0800b2d8        0xc C:/ST/STM32CubeIDE_1.16.0/STM32CubeIDE/plugins/com.st.stm32cube.ide.mcu.externaltools.gnu-tools-for-stm32.12.3.rel1.win32_1.0.200.202406191623/tools/bin/../lib/gcc/arm-none-eabi/12.3.1/../../../../arm-none-eabi/lib/thumb/v7e-m+fp/hard\libc.a(libc_a-atexit.o)
                0x0800b2d8                atexit
 .text._malloc_trim_r
                0x0800b2e4       0xac C:/ST/STM32CubeIDE_1.16.0/STM32CubeIDE/plugins/com.st.stm32cube.ide.mcu.externaltools.gnu-tools-for-stm32.12.3.rel1.win32_1.0.200.202406191623/tools/bin/../lib/gcc/arm-none-eabi/12.3.1/../../../../arm-none-eabi/lib/thumb/v7e-m+fp/hard\libc.a(libc_a-freer.o)
                0x0800b2e4                _malloc_trim_r
 .text._free_r  0x0800b390      0x180 C:/ST/STM32CubeIDE_1.16.0/STM32CubeIDE/plugins/com.st.stm32cube.ide.mcu.externaltools.gnu-tools-for-stm32.12.3.rel1.win32_1.0.200.202406191623/tools/bin/../lib/gcc/arm-none-eabi/12.3.1/../../../../arm-none-eabi/lib/thumb/v7e-m+fp/hard\libc.a(libc_a-freer.o)
                0x0800b390                _free_r
 .text._malloc_r
                0x0800b510      0x474 C:/ST/STM32CubeIDE_1.16.0/STM32CubeIDE/plugins/com.st.stm32cube.ide.mcu.externaltools.gnu-tools-for-stm32.12.3.rel1.win32_1.0.200.202406191623/tools/bin/../lib/gcc/arm-none-eabi/12.3.1/../../../../arm-none-eabi/lib/thumb/v7e-m+fp/hard\libc.a(libc_a-mallocr.o)
                0x0800b510                _malloc_r
 .text.__malloc_lock
                0x0800b984        0xc C:/ST/STM32CubeIDE_1.16.0/STM32CubeIDE/plugins/com.st.stm32cube.ide.mcu.externaltools.gnu-tools-for-stm32.12.3.rel1.win32_1.0.200.202406191623/tools/bin/../lib/gcc/arm-none-eabi/12.3.1/../../../../arm-none-eabi/lib/thumb/v7e-m+fp/hard\libc.a(libc_a-mlock.o)
                0x0800b984                __malloc_lock
 .text.__malloc_unlock
                0x0800b990        0xc C:/ST/STM32CubeIDE_1.16.0/STM32CubeIDE/plugins/com.st.stm32cube.ide.mcu.externaltools.gnu-tools-for-stm32.12.3.rel1.win32_1.0.200.202406191623/tools/bin/../lib/gcc/arm-none-eabi/12.3.1/../../../../arm-none-eabi/lib/thumb/v7e-m+fp/hard\libc.a(libc_a-mlock.o)
                0x0800b990                __malloc_unlock
 *fill*         0x0800b99c        0x4 
 .text._svfprintf_r
                0x0800b9a0     0x13bc C:/ST/STM32CubeIDE_1.16.0/STM32CubeIDE/plugins/com.st.stm32cube.ide.mcu.externaltools.gnu-tools-for-stm32.12.3.rel1.win32_1.0.200.202406191623/tools/bin/../lib/gcc/arm-none-eabi/12.3.1/../../../../arm-none-eabi/lib/thumb/v7e-m+fp/hard\libc.a(libc_a-svfprintf.o)
                0x0800b9a0                _svfprintf_r
 .text._fclose_r
                0x0800cd5c       0xaa C:/ST/STM32CubeIDE_1.16.0/STM32CubeIDE/plugins/com.st.stm32cube.ide.mcu.externaltools.gnu-tools-for-stm32.12.3.rel1.win32_1.0.200.202406191623/tools/bin/../lib/gcc/arm-none-eabi/12.3.1/../../../../arm-none-eabi/lib/thumb/v7e-m+fp/hard\libc.a(libc_a-fclose.o)
                0x0800cd5c                _fclose_r
 *fill*         0x0800ce06        0x2 
 .text.__sflush_r
                0x0800ce08      0x110 C:/ST/STM32CubeIDE_1.16.0/STM32CubeIDE/plugins/com.st.stm32cube.ide.mcu.externaltools.gnu-tools-for-stm32.12.3.rel1.win32_1.0.200.202406191623/tools/bin/../lib/gcc/arm-none-eabi/12.3.1/../../../../arm-none-eabi/lib/thumb/v7e-m+fp/hard\libc.a(libc_a-fflush.o)
                0x0800ce08                __sflush_r
 .text._fflush_r
                0x0800cf18       0x4a C:/ST/STM32CubeIDE_1.16.0/STM32CubeIDE/plugins/com.st.stm32cube.ide.mcu.externaltools.gnu-tools-for-stm32.12.3.rel1.win32_1.0.200.202406191623/tools/bin/../lib/gcc/arm-none-eabi/12.3.1/../../../../arm-none-eabi/lib/thumb/v7e-m+fp/hard\libc.a(libc_a-fflush.o)
                0x0800cf18                _fflush_r
 .text.strncpy  0x0800cf62       0x26 C:/ST/STM32CubeIDE_1.16.0/STM32CubeIDE/plugins/com.st.stm32cube.ide.mcu.externaltools.gnu-tools-for-stm32.12.3.rel1.win32_1.0.200.202406191623/tools/bin/../lib/gcc/arm-none-eabi/12.3.1/../../../../arm-none-eabi/lib/thumb/v7e-m+fp/hard\libc.a(libc_a-strncpy.o)
                0x0800cf62                strncpy
 .text._localeconv_r
                0x0800cf88        0x8 C:/ST/STM32CubeIDE_1.16.0/STM32CubeIDE/plugins/com.st.stm32cube.ide.mcu.externaltools.gnu-tools-for-stm32.12.3.rel1.win32_1.0.200.202406191623/tools/bin/../lib/gcc/arm-none-eabi/12.3.1/../../../../arm-none-eabi/lib/thumb/v7e-m+fp/hard\libc.a(libc_a-localeconv.o)
                0x0800cf88                _localeconv_r
 .text._sbrk_r  0x0800cf90       0x20 C:/ST/STM32CubeIDE_1.16.0/STM32CubeIDE/plugins/com.st.stm32cube.ide.mcu.externaltools.gnu-tools-for-stm32.12.3.rel1.win32_1.0.200.202406191623/tools/bin/../lib/gcc/arm-none-eabi/12.3.1/../../../../arm-none-eabi/lib/thumb/v7e-m+fp/hard\libc.a(libc_a-sbrkr.o)
                0x0800cf90                _sbrk_r
 .text.__libc_fini_array
                0x0800cfb0       0x28 C:/ST/STM32CubeIDE_1.16.0/STM32CubeIDE/plugins/com.st.stm32cube.ide.mcu.externaltools.gnu-tools-for-stm32.12.3.rel1.win32_1.0.200.202406191623/tools/bin/../lib/gcc/arm-none-eabi/12.3.1/../../../../arm-none-eabi/lib/thumb/v7e-m+fp/hard\libc.a(libc_a-fini.o)
                0x0800cfb0                __libc_fini_array
 .text.sysconf  0x0800cfd8       0x18 C:/ST/STM32CubeIDE_1.16.0/STM32CubeIDE/plugins/com.st.stm32cube.ide.mcu.externaltools.gnu-tools-for-stm32.12.3.rel1.win32_1.0.200.202406191623/tools/bin/../lib/gcc/arm-none-eabi/12.3.1/../../../../arm-none-eabi/lib/thumb/v7e-m+fp/hard\libc.a(libc_a-sysconf.o)
                0x0800cfd8                sysconf
 .text.frexp    0x0800cff0       0x6c C:/ST/STM32CubeIDE_1.16.0/STM32CubeIDE/plugins/com.st.stm32cube.ide.mcu.externaltools.gnu-tools-for-stm32.12.3.rel1.win32_1.0.200.202406191623/tools/bin/../lib/gcc/arm-none-eabi/12.3.1/../../../../arm-none-eabi/lib/thumb/v7e-m+fp/hard\libc.a(libm_a-s_frexp.o)
                0x0800cff0                frexp
 .text.__register_exitproc
                0x0800d05c       0x80 C:/ST/STM32CubeIDE_1.16.0/STM32CubeIDE/plugins/com.st.stm32cube.ide.mcu.externaltools.gnu-tools-for-stm32.12.3.rel1.win32_1.0.200.202406191623/tools/bin/../lib/gcc/arm-none-eabi/12.3.1/../../../../arm-none-eabi/lib/thumb/v7e-m+fp/hard\libc.a(libc_a-__atexit.o)
                0x0800d05c                __register_exitproc
 .text.quorem   0x0800d0dc      0x110 C:/ST/STM32CubeIDE_1.16.0/STM32CubeIDE/plugins/com.st.stm32cube.ide.mcu.externaltools.gnu-tools-for-stm32.12.3.rel1.win32_1.0.200.202406191623/tools/bin/../lib/gcc/arm-none-eabi/12.3.1/../../../../arm-none-eabi/lib/thumb/v7e-m+fp/hard\libc.a(libc_a-dtoa.o)
 *fill*         0x0800d1ec        0x4 
 .text._dtoa_r  0x0800d1f0      0xb58 C:/ST/STM32CubeIDE_1.16.0/STM32CubeIDE/plugins/com.st.stm32cube.ide.mcu.externaltools.gnu-tools-for-stm32.12.3.rel1.win32_1.0.200.202406191623/tools/bin/../lib/gcc/arm-none-eabi/12.3.1/../../../../arm-none-eabi/lib/thumb/v7e-m+fp/hard\libc.a(libc_a-dtoa.o)
                0x0800d1f0                _dtoa_r
 .text._Balloc  0x0800dd48       0x4a C:/ST/STM32CubeIDE_1.16.0/STM32CubeIDE/plugins/com.st.stm32cube.ide.mcu.externaltools.gnu-tools-for-stm32.12.3.rel1.win32_1.0.200.202406191623/tools/bin/../lib/gcc/arm-none-eabi/12.3.1/../../../../arm-none-eabi/lib/thumb/v7e-m+fp/hard\libc.a(libc_a-mprec.o)
                0x0800dd48                _Balloc
 .text._Bfree   0x0800dd92       0x12 C:/ST/STM32CubeIDE_1.16.0/STM32CubeIDE/plugins/com.st.stm32cube.ide.mcu.externaltools.gnu-tools-for-stm32.12.3.rel1.win32_1.0.200.202406191623/tools/bin/../lib/gcc/arm-none-eabi/12.3.1/../../../../arm-none-eabi/lib/thumb/v7e-m+fp/hard\libc.a(libc_a-mprec.o)
                0x0800dd92                _Bfree
 .text.__multadd
                0x0800dda4       0x8c C:/ST/STM32CubeIDE_1.16.0/STM32CubeIDE/plugins/com.st.stm32cube.ide.mcu.externaltools.gnu-tools-for-stm32.12.3.rel1.win32_1.0.200.202406191623/tools/bin/../lib/gcc/arm-none-eabi/12.3.1/../../../../arm-none-eabi/lib/thumb/v7e-m+fp/hard\libc.a(libc_a-mprec.o)
                0x0800dda4                __multadd
 .text.__hi0bits
                0x0800de30       0x3e C:/ST/STM32CubeIDE_1.16.0/STM32CubeIDE/plugins/com.st.stm32cube.ide.mcu.externaltools.gnu-tools-for-stm32.12.3.rel1.win32_1.0.200.202406191623/tools/bin/../lib/gcc/arm-none-eabi/12.3.1/../../../../arm-none-eabi/lib/thumb/v7e-m+fp/hard\libc.a(libc_a-mprec.o)
                0x0800de30                __hi0bits
 .text.__lo0bits
                0x0800de6e       0x5a C:/ST/STM32CubeIDE_1.16.0/STM32CubeIDE/plugins/com.st.stm32cube.ide.mcu.externaltools.gnu-tools-for-stm32.12.3.rel1.win32_1.0.200.202406191623/tools/bin/../lib/gcc/arm-none-eabi/12.3.1/../../../../arm-none-eabi/lib/thumb/v7e-m+fp/hard\libc.a(libc_a-mprec.o)
                0x0800de6e                __lo0bits
 .text.__i2b    0x0800dec8       0x2c C:/ST/STM32CubeIDE_1.16.0/STM32CubeIDE/plugins/com.st.stm32cube.ide.mcu.externaltools.gnu-tools-for-stm32.12.3.rel1.win32_1.0.200.202406191623/tools/bin/../lib/gcc/arm-none-eabi/12.3.1/../../../../arm-none-eabi/lib/thumb/v7e-m+fp/hard\libc.a(libc_a-mprec.o)
                0x0800dec8                __i2b
 .text.__multiply
                0x0800def4      0x154 C:/ST/STM32CubeIDE_1.16.0/STM32CubeIDE/plugins/com.st.stm32cube.ide.mcu.externaltools.gnu-tools-for-stm32.12.3.rel1.win32_1.0.200.202406191623/tools/bin/../lib/gcc/arm-none-eabi/12.3.1/../../../../arm-none-eabi/lib/thumb/v7e-m+fp/hard\libc.a(libc_a-mprec.o)
                0x0800def4                __multiply
 .text.__pow5mult
                0x0800e048       0x80 C:/ST/STM32CubeIDE_1.16.0/STM32CubeIDE/plugins/com.st.stm32cube.ide.mcu.externaltools.gnu-tools-for-stm32.12.3.rel1.win32_1.0.200.202406191623/tools/bin/../lib/gcc/arm-none-eabi/12.3.1/../../../../arm-none-eabi/lib/thumb/v7e-m+fp/hard\libc.a(libc_a-mprec.o)
                0x0800e048                __pow5mult
 .text.__lshift
                0x0800e0c8       0xd8 C:/ST/STM32CubeIDE_1.16.0/STM32CubeIDE/plugins/com.st.stm32cube.ide.mcu.externaltools.gnu-tools-for-stm32.12.3.rel1.win32_1.0.200.202406191623/tools/bin/../lib/gcc/arm-none-eabi/12.3.1/../../../../arm-none-eabi/lib/thumb/v7e-m+fp/hard\libc.a(libc_a-mprec.o)
                0x0800e0c8                __lshift
 .text.__mcmp   0x0800e1a0       0x36 C:/ST/STM32CubeIDE_1.16.0/STM32CubeIDE/plugins/com.st.stm32cube.ide.mcu.externaltools.gnu-tools-for-stm32.12.3.rel1.win32_1.0.200.202406191623/tools/bin/../lib/gcc/arm-none-eabi/12.3.1/../../../../arm-none-eabi/lib/thumb/v7e-m+fp/hard\libc.a(libc_a-mprec.o)
                0x0800e1a0                __mcmp
 *fill*         0x0800e1d6        0x2 
 .text.__mdiff  0x0800e1d8      0x128 C:/ST/STM32CubeIDE_1.16.0/STM32CubeIDE/plugins/com.st.stm32cube.ide.mcu.externaltools.gnu-tools-for-stm32.12.3.rel1.win32_1.0.200.202406191623/tools/bin/../lib/gcc/arm-none-eabi/12.3.1/../../../../arm-none-eabi/lib/thumb/v7e-m+fp/hard\libc.a(libc_a-mprec.o)
                0x0800e1d8                __mdiff
 .text.__d2b    0x0800e300       0xb0 C:/ST/STM32CubeIDE_1.16.0/STM32CubeIDE/plugins/com.st.stm32cube.ide.mcu.externaltools.gnu-tools-for-stm32.12.3.rel1.win32_1.0.200.202406191623/tools/bin/../lib/gcc/arm-none-eabi/12.3.1/../../../../arm-none-eabi/lib/thumb/v7e-m+fp/hard\libc.a(libc_a-mprec.o)
                0x0800e300                __d2b
 .text.__ssprint_r
                0x0800e3b0       0xfa C:/ST/STM32CubeIDE_1.16.0/STM32CubeIDE/plugins/com.st.stm32cube.ide.mcu.externaltools.gnu-tools-for-stm32.12.3.rel1.win32_1.0.200.202406191623/tools/bin/../lib/gcc/arm-none-eabi/12.3.1/../../../../arm-none-eabi/lib/thumb/v7e-m+fp/hard\libc.a(libc_a-svfiprintf.o)
                0x0800e3b0                __ssprint_r
 .text.memmove  0x0800e4aa       0x34 C:/ST/STM32CubeIDE_1.16.0/STM32CubeIDE/plugins/com.st.stm32cube.ide.mcu.externaltools.gnu-tools-for-stm32.12.3.rel1.win32_1.0.200.202406191623/tools/bin/../lib/gcc/arm-none-eabi/12.3.1/../../../../arm-none-eabi/lib/thumb/v7e-m+fp/hard\libc.a(libc_a-memmove.o)
                0x0800e4aa                memmove
 *fill*         0x0800e4de        0x2 
 .text.__locale_mb_cur_max
                0x0800e4e0        0xc C:/ST/STM32CubeIDE_1.16.0/STM32CubeIDE/plugins/com.st.stm32cube.ide.mcu.externaltools.gnu-tools-for-stm32.12.3.rel1.win32_1.0.200.202406191623/tools/bin/../lib/gcc/arm-none-eabi/12.3.1/../../../../arm-none-eabi/lib/thumb/v7e-m+fp/hard\libc.a(libc_a-locale.o)
                0x0800e4e0                __locale_mb_cur_max
 .text.memcpy   0x0800e4ec       0x1c C:/ST/STM32CubeIDE_1.16.0/STM32CubeIDE/plugins/com.st.stm32cube.ide.mcu.externaltools.gnu-tools-for-stm32.12.3.rel1.win32_1.0.200.202406191623/tools/bin/../lib/gcc/arm-none-eabi/12.3.1/../../../../arm-none-eabi/lib/thumb/v7e-m+fp/hard\libc.a(libc_a-memcpy-stub.o)
                0x0800e4ec                memcpy
 .text.__assert_func
                0x0800e508       0x3c C:/ST/STM32CubeIDE_1.16.0/STM32CubeIDE/plugins/com.st.stm32cube.ide.mcu.externaltools.gnu-tools-for-stm32.12.3.rel1.win32_1.0.200.202406191623/tools/bin/../lib/gcc/arm-none-eabi/12.3.1/../../../../arm-none-eabi/lib/thumb/v7e-m+fp/hard\libc.a(libc_a-assert.o)
                0x0800e508                __assert_func
 .text._calloc_r
                0x0800e544       0x6a C:/ST/STM32CubeIDE_1.16.0/STM32CubeIDE/plugins/com.st.stm32cube.ide.mcu.externaltools.gnu-tools-for-stm32.12.3.rel1.win32_1.0.200.202406191623/tools/bin/../lib/gcc/arm-none-eabi/12.3.1/../../../../arm-none-eabi/lib/thumb/v7e-m+fp/hard\libc.a(libc_a-callocr.o)
                0x0800e544                _calloc_r
 .text.__ascii_mbtowc
                0x0800e5ae       0x24 C:/ST/STM32CubeIDE_1.16.0/STM32CubeIDE/plugins/com.st.stm32cube.ide.mcu.externaltools.gnu-tools-for-stm32.12.3.rel1.win32_1.0.200.202406191623/tools/bin/../lib/gcc/arm-none-eabi/12.3.1/../../../../arm-none-eabi/lib/thumb/v7e-m+fp/hard\libc.a(libc_a-mbtowc_r.o)
                0x0800e5ae                __ascii_mbtowc
 *fill*         0x0800e5d2        0x2 
 .text._realloc_r
                0x0800e5d4      0x350 C:/ST/STM32CubeIDE_1.16.0/STM32CubeIDE/plugins/com.st.stm32cube.ide.mcu.externaltools.gnu-tools-for-stm32.12.3.rel1.win32_1.0.200.202406191623/tools/bin/../lib/gcc/arm-none-eabi/12.3.1/../../../../arm-none-eabi/lib/thumb/v7e-m+fp/hard\libc.a(libc_a-reallocr.o)
                0x0800e5d4                _realloc_r
 .text.__ascii_wctomb
                0x0800e924       0x1a C:/ST/STM32CubeIDE_1.16.0/STM32CubeIDE/plugins/com.st.stm32cube.ide.mcu.externaltools.gnu-tools-for-stm32.12.3.rel1.win32_1.0.200.202406191623/tools/bin/../lib/gcc/arm-none-eabi/12.3.1/../../../../arm-none-eabi/lib/thumb/v7e-m+fp/hard\libc.a(libc_a-wctomb_r.o)
                0x0800e924                __ascii_wctomb
 *fill*         0x0800e93e        0x2 
 .text.fiprintf
                0x0800e940       0x24 C:/ST/STM32CubeIDE_1.16.0/STM32CubeIDE/plugins/com.st.stm32cube.ide.mcu.externaltools.gnu-tools-for-stm32.12.3.rel1.win32_1.0.200.202406191623/tools/bin/../lib/gcc/arm-none-eabi/12.3.1/../../../../arm-none-eabi/lib/thumb/v7e-m+fp/hard\libc.a(libc_a-fiprintf.o)
                0x0800e940                fiprintf
 .text.__sprint_r
                0x0800e964       0x64 C:/ST/STM32CubeIDE_1.16.0/STM32CubeIDE/plugins/com.st.stm32cube.ide.mcu.externaltools.gnu-tools-for-stm32.12.3.rel1.win32_1.0.200.202406191623/tools/bin/../lib/gcc/arm-none-eabi/12.3.1/../../../../arm-none-eabi/lib/thumb/v7e-m+fp/hard\libc.a(libc_a-vfiprintf.o)
                0x0800e964                __sprint_r
 .text._vfiprintf_r
                0x0800e9c8      0x910 C:/ST/STM32CubeIDE_1.16.0/STM32CubeIDE/plugins/com.st.stm32cube.ide.mcu.externaltools.gnu-tools-for-stm32.12.3.rel1.win32_1.0.200.202406191623/tools/bin/../lib/gcc/arm-none-eabi/12.3.1/../../../../arm-none-eabi/lib/thumb/v7e-m+fp/hard\libc.a(libc_a-vfiprintf.o)
                0x0800e9c8                _vfiprintf_r
 .text.__sbprintf
                0x0800f2d8       0x80 C:/ST/STM32CubeIDE_1.16.0/STM32CubeIDE/plugins/com.st.stm32cube.ide.mcu.externaltools.gnu-tools-for-stm32.12.3.rel1.win32_1.0.200.202406191623/tools/bin/../lib/gcc/arm-none-eabi/12.3.1/../../../../arm-none-eabi/lib/thumb/v7e-m+fp/hard\libc.a(libc_a-vfiprintf.o)
 .text.__sfvwrite_r
                0x0800f358      0x298 C:/ST/STM32CubeIDE_1.16.0/STM32CubeIDE/plugins/com.st.stm32cube.ide.mcu.externaltools.gnu-tools-for-stm32.12.3.rel1.win32_1.0.200.202406191623/tools/bin/../lib/gcc/arm-none-eabi/12.3.1/../../../../arm-none-eabi/lib/thumb/v7e-m+fp/hard\libc.a(libc_a-fvwrite.o)
                0x0800f358                __sfvwrite_r
 .text.__swsetup_r
                0x0800f5f0       0xac C:/ST/STM32CubeIDE_1.16.0/STM32CubeIDE/plugins/com.st.stm32cube.ide.mcu.externaltools.gnu-tools-for-stm32.12.3.rel1.win32_1.0.200.202406191623/tools/bin/../lib/gcc/arm-none-eabi/12.3.1/../../../../arm-none-eabi/lib/thumb/v7e-m+fp/hard\libc.a(libc_a-wsetup.o)
                0x0800f5f0                __swsetup_r
 .text.__fputwc
                0x0800f69c       0x82 C:/ST/STM32CubeIDE_1.16.0/STM32CubeIDE/plugins/com.st.stm32cube.ide.mcu.externaltools.gnu-tools-for-stm32.12.3.rel1.win32_1.0.200.202406191623/tools/bin/../lib/gcc/arm-none-eabi/12.3.1/../../../../arm-none-eabi/lib/thumb/v7e-m+fp/hard\libc.a(libc_a-fputwc.o)
                0x0800f69c                __fputwc
 .text._fputwc_r
                0x0800f71e       0x52 C:/ST/STM32CubeIDE_1.16.0/STM32CubeIDE/plugins/com.st.stm32cube.ide.mcu.externaltools.gnu-tools-for-stm32.12.3.rel1.win32_1.0.200.202406191623/tools/bin/../lib/gcc/arm-none-eabi/12.3.1/../../../../arm-none-eabi/lib/thumb/v7e-m+fp/hard\libc.a(libc_a-fputwc.o)
                0x0800f71e                _fputwc_r
 .text.abort    0x0800f770        0xe C:/ST/STM32CubeIDE_1.16.0/STM32CubeIDE/plugins/com.st.stm32cube.ide.mcu.externaltools.gnu-tools-for-stm32.12.3.rel1.win32_1.0.200.202406191623/tools/bin/../lib/gcc/arm-none-eabi/12.3.1/../../../../arm-none-eabi/lib/thumb/v7e-m+fp/hard\libc.a(libc_a-abort.o)
                0x0800f770                abort
 *fill*         0x0800f77e        0x2 
 .text._wcrtomb_r
                0x0800f780       0x2c C:/ST/STM32CubeIDE_1.16.0/STM32CubeIDE/plugins/com.st.stm32cube.ide.mcu.externaltools.gnu-tools-for-stm32.12.3.rel1.win32_1.0.200.202406191623/tools/bin/../lib/gcc/arm-none-eabi/12.3.1/../../../../arm-none-eabi/lib/thumb/v7e-m+fp/hard\libc.a(libc_a-wcrtomb.o)
                0x0800f780                _wcrtomb_r
 .text.__swhatbuf_r
                0x0800f7ac       0x50 C:/ST/STM32CubeIDE_1.16.0/STM32CubeIDE/plugins/com.st.stm32cube.ide.mcu.externaltools.gnu-tools-for-stm32.12.3.rel1.win32_1.0.200.202406191623/tools/bin/../lib/gcc/arm-none-eabi/12.3.1/../../../../arm-none-eabi/lib/thumb/v7e-m+fp/hard\libc.a(libc_a-makebuf.o)
                0x0800f7ac                __swhatbuf_r
 .text.__smakebuf_r
                0x0800f7fc       0x78 C:/ST/STM32CubeIDE_1.16.0/STM32CubeIDE/plugins/com.st.stm32cube.ide.mcu.externaltools.gnu-tools-for-stm32.12.3.rel1.win32_1.0.200.202406191623/tools/bin/../lib/gcc/arm-none-eabi/12.3.1/../../../../arm-none-eabi/lib/thumb/v7e-m+fp/hard\libc.a(libc_a-makebuf.o)
                0x0800f7fc                __smakebuf_r
 .text.__swbuf_r
                0x0800f874       0x92 C:/ST/STM32CubeIDE_1.16.0/STM32CubeIDE/plugins/com.st.stm32cube.ide.mcu.externaltools.gnu-tools-for-stm32.12.3.rel1.win32_1.0.200.202406191623/tools/bin/../lib/gcc/arm-none-eabi/12.3.1/../../../../arm-none-eabi/lib/thumb/v7e-m+fp/hard\libc.a(libc_a-wbuf.o)
                0x0800f874                __swbuf_r
 .text._raise_r
                0x0800f906       0x52 C:/ST/STM32CubeIDE_1.16.0/STM32CubeIDE/plugins/com.st.stm32cube.ide.mcu.externaltools.gnu-tools-for-stm32.12.3.rel1.win32_1.0.200.202406191623/tools/bin/../lib/gcc/arm-none-eabi/12.3.1/../../../../arm-none-eabi/lib/thumb/v7e-m+fp/hard\libc.a(libc_a-signal.o)
                0x0800f906                _raise_r
 .text.raise    0x0800f958       0x10 C:/ST/STM32CubeIDE_1.16.0/STM32CubeIDE/plugins/com.st.stm32cube.ide.mcu.externaltools.gnu-tools-for-stm32.12.3.rel1.win32_1.0.200.202406191623/tools/bin/../lib/gcc/arm-none-eabi/12.3.1/../../../../arm-none-eabi/lib/thumb/v7e-m+fp/hard\libc.a(libc_a-signal.o)
                0x0800f958                raise
 .text._fstat_r
                0x0800f968       0x24 C:/ST/STM32CubeIDE_1.16.0/STM32CubeIDE/plugins/com.st.stm32cube.ide.mcu.externaltools.gnu-tools-for-stm32.12.3.rel1.win32_1.0.200.202406191623/tools/bin/../lib/gcc/arm-none-eabi/12.3.1/../../../../arm-none-eabi/lib/thumb/v7e-m+fp/hard\libc.a(libc_a-fstatr.o)
                0x0800f968                _fstat_r
 .text._isatty_r
                0x0800f98c       0x20 C:/ST/STM32CubeIDE_1.16.0/STM32CubeIDE/plugins/com.st.stm32cube.ide.mcu.externaltools.gnu-tools-for-stm32.12.3.rel1.win32_1.0.200.202406191623/tools/bin/../lib/gcc/arm-none-eabi/12.3.1/../../../../arm-none-eabi/lib/thumb/v7e-m+fp/hard\libc.a(libc_a-isattyr.o)
                0x0800f98c                _isatty_r
 .text._kill_r  0x0800f9ac       0x24 C:/ST/STM32CubeIDE_1.16.0/STM32CubeIDE/plugins/com.st.stm32cube.ide.mcu.externaltools.gnu-tools-for-stm32.12.3.rel1.win32_1.0.200.202406191623/tools/bin/../lib/gcc/arm-none-eabi/12.3.1/../../../../arm-none-eabi/lib/thumb/v7e-m+fp/hard\libc.a(libc_a-signalr.o)
                0x0800f9ac                _kill_r
 .text._getpid_r
                0x0800f9d0        0x4 C:/ST/STM32CubeIDE_1.16.0/STM32CubeIDE/plugins/com.st.stm32cube.ide.mcu.externaltools.gnu-tools-for-stm32.12.3.rel1.win32_1.0.200.202406191623/tools/bin/../lib/gcc/arm-none-eabi/12.3.1/../../../../arm-none-eabi/lib/thumb/v7e-m+fp/hard\libc.a(libc_a-signalr.o)
                0x0800f9d0                _getpid_r
 *(.glue_7)
 .glue_7        0x0800f9d4        0x0 linker stubs
 *(.glue_7t)
 .glue_7t       0x0800f9d4        0x0 linker stubs
 *(.eh_frame)
 .eh_frame      0x0800f9d4        0x0 C:/ST/STM32CubeIDE_1.16.0/STM32CubeIDE/plugins/com.st.stm32cube.ide.mcu.externaltools.gnu-tools-for-stm32.12.3.rel1.win32_1.0.200.202406191623/tools/bin/../lib/gcc/arm-none-eabi/12.3.1/thumb/v7e-m+fp/hard/crtbegin.o
 *(.init)
 .init          0x0800f9d4        0x4 C:/ST/STM32CubeIDE_1.16.0/STM32CubeIDE/plugins/com.st.stm32cube.ide.mcu.externaltools.gnu-tools-for-stm32.12.3.rel1.win32_1.0.200.202406191623/tools/bin/../lib/gcc/arm-none-eabi/12.3.1/thumb/v7e-m+fp/hard/crti.o
                0x0800f9d4                _init
 .init          0x0800f9d8        0x8 C:/ST/STM32CubeIDE_1.16.0/STM32CubeIDE/plugins/com.st.stm32cube.ide.mcu.externaltools.gnu-tools-for-stm32.12.3.rel1.win32_1.0.200.202406191623/tools/bin/../lib/gcc/arm-none-eabi/12.3.1/thumb/v7e-m+fp/hard/crtn.o
 *(.fini)
 .fini          0x0800f9e0        0x4 C:/ST/STM32CubeIDE_1.16.0/STM32CubeIDE/plugins/com.st.stm32cube.ide.mcu.externaltools.gnu-tools-for-stm32.12.3.rel1.win32_1.0.200.202406191623/tools/bin/../lib/gcc/arm-none-eabi/12.3.1/thumb/v7e-m+fp/hard/crti.o
                0x0800f9e0                _fini
 .fini          0x0800f9e4        0x8 C:/ST/STM32CubeIDE_1.16.0/STM32CubeIDE/plugins/com.st.stm32cube.ide.mcu.externaltools.gnu-tools-for-stm32.12.3.rel1.win32_1.0.200.202406191623/tools/bin/../lib/gcc/arm-none-eabi/12.3.1/thumb/v7e-m+fp/hard/crtn.o
                0x0800f9ec                        . = ALIGN (0x4)
                0x0800f9ec                        _etext = .

.vfp11_veneer   0x0800f9ec        0x0
 .vfp11_veneer  0x0800f9ec        0x0 linker stubs

.v4_bx          0x0800f9ec        0x0
 .v4_bx         0x0800f9ec        0x0 linker stubs

.iplt           0x0800f9ec        0x0
 .iplt          0x0800f9ec        0x0 C:/ST/STM32CubeIDE_1.16.0/STM32CubeIDE/plugins/com.st.stm32cube.ide.mcu.externaltools.gnu-tools-for-stm32.12.3.rel1.win32_1.0.200.202406191623/tools/bin/../lib/gcc/arm-none-eabi/12.3.1/thumb/v7e-m+fp/hard/crtbegin.o

.rodata         0x0800f9f0      0x3f8
                0x0800f9f0                        . = ALIGN (0x4)
 *(.rodata)
 .rodata        0x0800f9f0        0x8 ./Core/Src/main.o
 .rodata        0x0800f9f8       0x46 ./USB_DEVICE/App/usbd_desc.o
 *(.rodata*)
 *fill*         0x0800fa3e        0x2 
 .rodata.AHBPrescTable
                0x0800fa40       0x10 ./Core/Src/system_stm32f4xx.o
                0x0800fa40                AHBPrescTable
 .rodata.APBPrescTable
                0x0800fa50        0x8 ./Core/Src/system_stm32f4xx.o
                0x0800fa50                APBPrescTable
 .rodata.flagBitshiftOffset.0
                0x0800fa58        0x8 ./Drivers/STM32F4xx_HAL_Driver/Src/stm32f4xx_hal_dma.o
 .rodata._svfprintf_r.str1.1
                0x0800fa60       0x34 C:/ST/STM32CubeIDE_1.16.0/STM32CubeIDE/plugins/com.st.stm32cube.ide.mcu.externaltools.gnu-tools-for-stm32.12.3.rel1.win32_1.0.200.202406191623/tools/bin/../lib/gcc/arm-none-eabi/12.3.1/../../../../arm-none-eabi/lib/thumb/v7e-m+fp/hard\libc.a(libc_a-svfprintf.o)
 .rodata.zeroes.0
                0x0800fa94       0x10 C:/ST/STM32CubeIDE_1.16.0/STM32CubeIDE/plugins/com.st.stm32cube.ide.mcu.externaltools.gnu-tools-for-stm32.12.3.rel1.win32_1.0.200.202406191623/tools/bin/../lib/gcc/arm-none-eabi/12.3.1/../../../../arm-none-eabi/lib/thumb/v7e-m+fp/hard\libc.a(libc_a-svfprintf.o)
 .rodata.blanks.1
                0x0800faa4       0x10 C:/ST/STM32CubeIDE_1.16.0/STM32CubeIDE/plugins/com.st.stm32cube.ide.mcu.externaltools.gnu-tools-for-stm32.12.3.rel1.win32_1.0.200.202406191623/tools/bin/../lib/gcc/arm-none-eabi/12.3.1/../../../../arm-none-eabi/lib/thumb/v7e-m+fp/hard\libc.a(libc_a-svfprintf.o)
 .rodata._dtoa_r.str1.1
                0x0800fab4       0x76 C:/ST/STM32CubeIDE_1.16.0/STM32CubeIDE/plugins/com.st.stm32cube.ide.mcu.externaltools.gnu-tools-for-stm32.12.3.rel1.win32_1.0.200.202406191623/tools/bin/../lib/gcc/arm-none-eabi/12.3.1/../../../../arm-none-eabi/lib/thumb/v7e-m+fp/hard\libc.a(libc_a-dtoa.o)
                                 0x78 (size before relaxing)
 .rodata.__multadd.str1.1
                0x0800fb2a       0x59 C:/ST/STM32CubeIDE_1.16.0/STM32CubeIDE/plugins/com.st.stm32cube.ide.mcu.externaltools.gnu-tools-for-stm32.12.3.rel1.win32_1.0.200.202406191623/tools/bin/../lib/gcc/arm-none-eabi/12.3.1/../../../../arm-none-eabi/lib/thumb/v7e-m+fp/hard\libc.a(libc_a-mprec.o)
                                 0x6a (size before relaxing)
 *fill*         0x0800fb83        0x1 
 .rodata.p05.0  0x0800fb84        0xc C:/ST/STM32CubeIDE_1.16.0/STM32CubeIDE/plugins/com.st.stm32cube.ide.mcu.externaltools.gnu-tools-for-stm32.12.3.rel1.win32_1.0.200.202406191623/tools/bin/../lib/gcc/arm-none-eabi/12.3.1/../../../../arm-none-eabi/lib/thumb/v7e-m+fp/hard\libc.a(libc_a-mprec.o)
 .rodata.__mprec_bigtens
                0x0800fb90       0x28 C:/ST/STM32CubeIDE_1.16.0/STM32CubeIDE/plugins/com.st.stm32cube.ide.mcu.externaltools.gnu-tools-for-stm32.12.3.rel1.win32_1.0.200.202406191623/tools/bin/../lib/gcc/arm-none-eabi/12.3.1/../../../../arm-none-eabi/lib/thumb/v7e-m+fp/hard\libc.a(libc_a-mprec.o)
                0x0800fb90                __mprec_bigtens
 .rodata.__mprec_tens