../Core/Src/main.c:75:6:MCU_init	8	static
../Core/Src/main.c:85:6:ADC_Read	32	static
../Core/Src/main.c:141:5:main	88	static
../Core/Src/main.c:208:6:SystemClock_Config	88	static
../Core/Src/main.c:254:13:MX_SPI1_Init	8	static
../Core/Src/main.c:292:13:MX_SPI3_Init	8	static
../Core/Src/main.c:330:13:MX_TIM1_Init	96	static
../Core/Src/main.c:404:13:MX_UART4_Init	8	static
../Core/Src/main.c:435:13:MX_DMA_Init	16	static
../Core/Src/main.c:453:13:MX_GPIO_Init	56	static
../Core/Src/main.c:522:6:Error_Handler	4	static,ignoring_inline_asm
